Archive member included to satisfy reference by file (symbol)

c:/st/stm32cubeide_1.6.1/stm32cubeide/plugins/com.st.stm32cube.ide.mcu.externaltools.gnu-tools-for-stm32.9-2020-q2-update.win32_1.5.0.202011040924/tools/bin/../lib/gcc/arm-none-eabi/9.3.1/../../../../arm-none-eabi/lib/thumb/v7e-m+fp/hard\libc_nano.a(lib_a-errno.o)
                              Core/Src/syscalls.o (__errno)
c:/st/stm32cubeide_1.6.1/stm32cubeide/plugins/com.st.stm32cube.ide.mcu.externaltools.gnu-tools-for-stm32.9-2020-q2-update.win32_1.5.0.202011040924/tools/bin/../lib/gcc/arm-none-eabi/9.3.1/../../../../arm-none-eabi/lib/thumb/v7e-m+fp/hard\libc_nano.a(lib_a-exit.o)
                              c:/st/stm32cubeide_1.6.1/stm32cubeide/plugins/com.st.stm32cube.ide.mcu.externaltools.gnu-tools-for-stm32.9-2020-q2-update.win32_1.5.0.202011040924/tools/bin/../lib/gcc/arm-none-eabi/9.3.1/../../../../arm-none-eabi/lib/thumb/v7e-m+fp/hard/crt0.o (exit)
c:/st/stm32cubeide_1.6.1/stm32cubeide/plugins/com.st.stm32cube.ide.mcu.externaltools.gnu-tools-for-stm32.9-2020-q2-update.win32_1.5.0.202011040924/tools/bin/../lib/gcc/arm-none-eabi/9.3.1/../../../../arm-none-eabi/lib/thumb/v7e-m+fp/hard\libc_nano.a(lib_a-impure.o)
                              c:/st/stm32cubeide_1.6.1/stm32cubeide/plugins/com.st.stm32cube.ide.mcu.externaltools.gnu-tools-for-stm32.9-2020-q2-update.win32_1.5.0.202011040924/tools/bin/../lib/gcc/arm-none-eabi/9.3.1/../../../../arm-none-eabi/lib/thumb/v7e-m+fp/hard\libc_nano.a(lib_a-exit.o) (_global_impure_ptr)
c:/st/stm32cubeide_1.6.1/stm32cubeide/plugins/com.st.stm32cube.ide.mcu.externaltools.gnu-tools-for-stm32.9-2020-q2-update.win32_1.5.0.202011040924/tools/bin/../lib/gcc/arm-none-eabi/9.3.1/../../../../arm-none-eabi/lib/thumb/v7e-m+fp/hard\libc_nano.a(lib_a-init.o)
                              c:/st/stm32cubeide_1.6.1/stm32cubeide/plugins/com.st.stm32cube.ide.mcu.externaltools.gnu-tools-for-stm32.9-2020-q2-update.win32_1.5.0.202011040924/tools/bin/../lib/gcc/arm-none-eabi/9.3.1/../../../../arm-none-eabi/lib/thumb/v7e-m+fp/hard/crt0.o (__libc_init_array)
c:/st/stm32cubeide_1.6.1/stm32cubeide/plugins/com.st.stm32cube.ide.mcu.externaltools.gnu-tools-for-stm32.9-2020-q2-update.win32_1.5.0.202011040924/tools/bin/../lib/gcc/arm-none-eabi/9.3.1/../../../../arm-none-eabi/lib/thumb/v7e-m+fp/hard\libc_nano.a(lib_a-memcmp.o)
                              ThirdParty/SEGGER/OS/SEGGER_SYSVIEW_FreeRTOS.o (memcmp)
c:/st/stm32cubeide_1.6.1/stm32cubeide/plugins/com.st.stm32cube.ide.mcu.externaltools.gnu-tools-for-stm32.9-2020-q2-update.win32_1.5.0.202011040924/tools/bin/../lib/gcc/arm-none-eabi/9.3.1/../../../../arm-none-eabi/lib/thumb/v7e-m+fp/hard\libc_nano.a(lib_a-memcpy-stub.o)
                              ThirdParty/FreeRTOS/queue.o (memcpy)
c:/st/stm32cubeide_1.6.1/stm32cubeide/plugins/com.st.stm32cube.ide.mcu.externaltools.gnu-tools-for-stm32.9-2020-q2-update.win32_1.5.0.202011040924/tools/bin/../lib/gcc/arm-none-eabi/9.3.1/../../../../arm-none-eabi/lib/thumb/v7e-m+fp/hard\libc_nano.a(lib_a-memset.o)
                              c:/st/stm32cubeide_1.6.1/stm32cubeide/plugins/com.st.stm32cube.ide.mcu.externaltools.gnu-tools-for-stm32.9-2020-q2-update.win32_1.5.0.202011040924/tools/bin/../lib/gcc/arm-none-eabi/9.3.1/../../../../arm-none-eabi/lib/thumb/v7e-m+fp/hard/crt0.o (memset)
c:/st/stm32cubeide_1.6.1/stm32cubeide/plugins/com.st.stm32cube.ide.mcu.externaltools.gnu-tools-for-stm32.9-2020-q2-update.win32_1.5.0.202011040924/tools/bin/../lib/gcc/arm-none-eabi/9.3.1/../../../../arm-none-eabi/lib/thumb/v7e-m+fp/hard\libc_nano.a(lib_a-snprintf.o)
                              Core/Src/main.o (snprintf)
c:/st/stm32cubeide_1.6.1/stm32cubeide/plugins/com.st.stm32cube.ide.mcu.externaltools.gnu-tools-for-stm32.9-2020-q2-update.win32_1.5.0.202011040924/tools/bin/../lib/gcc/arm-none-eabi/9.3.1/../../../../arm-none-eabi/lib/thumb/v7e-m+fp/hard\libc_nano.a(lib_a-strlen.o)
                              ThirdParty/SEGGER/SEGGER/SEGGER_RTT.o (strlen)
c:/st/stm32cubeide_1.6.1/stm32cubeide/plugins/com.st.stm32cube.ide.mcu.externaltools.gnu-tools-for-stm32.9-2020-q2-update.win32_1.5.0.202011040924/tools/bin/../lib/gcc/arm-none-eabi/9.3.1/../../../../arm-none-eabi/lib/thumb/v7e-m+fp/hard\libc_nano.a(lib_a-nano-svfprintf.o)
                              c:/st/stm32cubeide_1.6.1/stm32cubeide/plugins/com.st.stm32cube.ide.mcu.externaltools.gnu-tools-for-stm32.9-2020-q2-update.win32_1.5.0.202011040924/tools/bin/../lib/gcc/arm-none-eabi/9.3.1/../../../../arm-none-eabi/lib/thumb/v7e-m+fp/hard\libc_nano.a(lib_a-snprintf.o) (_svfprintf_r)
c:/st/stm32cubeide_1.6.1/stm32cubeide/plugins/com.st.stm32cube.ide.mcu.externaltools.gnu-tools-for-stm32.9-2020-q2-update.win32_1.5.0.202011040924/tools/bin/../lib/gcc/arm-none-eabi/9.3.1/../../../../arm-none-eabi/lib/thumb/v7e-m+fp/hard\libc_nano.a(lib_a-nano-vfprintf_i.o)
[...]
Memory Configuration

Name             Origin             Length             Attributes
RAM              0x0000000020000000 0x0000000000020000 xrw
FLASH            0x0000000008000000 0x0000000000080000 xr
*default*        0x0000000000000000 0xffffffffffffffff

Linker script and memory map

LOAD c:/st/stm32cubeide_1.6.1/stm32cubeide/plugins/com.st.stm32cube.ide.mcu.externaltools.gnu-tools-for-stm32.9-2020-q2-update.win32_1.5.0.202011040924/tools/bin/../lib/gcc/arm-none-eabi/9.3.1/thumb/v7e-m+fp/hard/crti.o
LOAD c:/st/stm32cubeide_1.6.1/stm32cubeide/plugins/com.st.stm32cube.ide.mcu.externaltools.gnu-tools-for-stm32.9-2020-q2-update.win32_1.5.0.202011040924/tools/bin/../lib/gcc/arm-none-eabi/9.3.1/thumb/v7e-m+fp/hard/crtbegin.o
LOAD c:/st/stm32cubeide_1.6.1/stm32cubeide/plugins/com.st.stm32cube.ide.mcu.externaltools.gnu-tools-for-stm32.9-2020-q2-update.win32_1.5.0.202011040924/tools/bin/../lib/gcc/arm-none-eabi/9.3.1/../../../../arm-none-eabi/lib/thumb/v7e-m+fp/hard/crt0.o
LOAD Core/Src/main.o
LOAD Core/Src/stm32f4xx_hal_msp.o
LOAD Core/Src/stm32f4xx_hal_timebase_tim.o
LOAD Core/Src/stm32f4xx_it.o
LOAD Core/Src/syscalls.o
LOAD Core/Src/system_stm32f4xx.o
LOAD Core/Startup/startup_stm32f446retx.o
LOAD Drivers/STM32F4xx_HAL_Driver/Src/stm32f4xx_hal.o
LOAD Drivers/STM32F4xx_HAL_Driver/Src/stm32f4xx_hal_cortex.o
LOAD Drivers/STM32F4xx_HAL_Driver/Src/stm32f4xx_hal_dma.o
LOAD Drivers/STM32F4xx_HAL_Driver/Src/stm32f4xx_hal_dma_ex.o
LOAD Drivers/STM32F4xx_HAL_Driver/Src/stm32f4xx_hal_exti.o
LOAD Drivers/STM32F4xx_HAL_Driver/Src/stm32f4xx_hal_flash.o
LOAD Drivers/STM32F4xx_HAL_Driver/Src/stm32f4xx_hal_flash_ex.o
LOAD Drivers/STM32F4xx_HAL_Driver/Src/stm32f4xx_hal_flash_ramfunc.o
LOAD Drivers/STM32F4xx_HAL_Driver/Src/stm32f4xx_hal_gpio.o
LOAD Drivers/STM32F4xx_HAL_Driver/Src/stm32f4xx_hal_pwr.o
LOAD Drivers/STM32F4xx_HAL_Driver/Src/stm32f4xx_hal_pwr_ex.o
LOAD Drivers/STM32F4xx_HAL_Driver/Src/stm32f4xx_hal_rcc.o
LOAD Drivers/STM32F4xx_HAL_Driver/Src/stm32f4xx_hal_rcc_ex.o
LOAD Drivers/STM32F4xx_HAL_Driver/Src/stm32f4xx_hal_tim.o
LOAD Drivers/STM32F4xx_HAL_Driver/Src/stm32f4xx_hal_tim_ex.o
LOAD ThirdParty/FreeRTOS/croutine.o
LOAD ThirdParty/FreeRTOS/event_groups.o
LOAD ThirdParty/FreeRTOS/list.o
LOAD ThirdParty/FreeRTOS/queue.o
LOAD ThirdParty/FreeRTOS/stream_buffer.o
LOAD ThirdParty/FreeRTOS/tasks.o
LOAD ThirdParty/FreeRTOS/timers.o
LOAD ThirdParty/FreeRTOS/portable/GCC/ARM_CM4F/port.o
LOAD ThirdParty/FreeRTOS/portable/MemMang/heap_4.o
LOAD ThirdParty/SEGGER/Config/SEGGER_SYSVIEW_Config_FreeRTOS.o
LOAD ThirdParty/SEGGER/OS/SEGGER_SYSVIEW_FreeRTOS.o
LOAD ThirdParty/SEGGER/SEGGER/SEGGER_RTT.o
LOAD ThirdParty/SEGGER/SEGGER/SEGGER_RTT_ASM_ARMv7M.o
LOAD ThirdParty/SEGGER/SEGGER/SEGGER_RTT_printf.o
LOAD ThirdParty/SEGGER/SEGGER/SEGGER_SYSVIEW.o
LOAD ThirdParty/SEGGER/SEGGER/Syscalls/SEGGER_RTT_Syscalls_GCC.o
START GROUP
LOAD c:/st/stm32cubeide_1.6.1/stm32cubeide/plugins/com.st.stm32cube.ide.mcu.externaltools.gnu-tools-for-stm32.9-2020-q2-update.win32_1.5.0.202011040924/tools/bin/../lib/gcc/arm-none-eabi/9.3.1/../../../../arm-none-eabi/lib/thumb/v7e-m+fp/hard\libc_nano.a
LOAD c:/st/stm32cubeide_1.6.1/stm32cubeide/plugins/com.st.stm32cube.ide.mcu.externaltools.gnu-tools-for-stm32.9-2020-q2-update.win32_1.5.0.202011040924/tools/bin/../lib/gcc/arm-none-eabi/9.3.1/../../../../arm-none-eabi/lib/thumb/v7e-m+fp/hard\libm.a
END GROUP
START GROUP
LOAD c:/st/stm32cubeide_1.6.1/stm32cubeide/plugins/com.st.stm32cube.ide.mcu.externaltools.gnu-tools-for-stm32.9-2020-q2-update.win32_1.5.0.202011040924/tools/bin/../lib/gcc/arm-none-eabi/9.3.1/thumb/v7e-m+fp/hard\libgcc.a
LOAD c:/st/stm32cubeide_1.6.1/stm32cubeide/plugins/com.st.stm32cube.ide.mcu.externaltools.gnu-tools-for-stm32.9-2020-q2-update.win32_1.5.0.202011040924/tools/bin/../lib/gcc/arm-none-eabi/9.3.1/../../../../arm-none-eabi/lib/thumb/v7e-m+fp/hard\libc_nano.a
END GROUP
START GROUP
LOAD c:/st/stm32cubeide_1.6.1/stm32cubeide/plugins/com.st.stm32cube.ide.mcu.externaltools.gnu-tools-for-stm32.9-2020-q2-update.win32_1.5.0.202011040924/tools/bin/../lib/gcc/arm-none-eabi/9.3.1/thumb/v7e-m+fp/hard\libgcc.a
LOAD c:/st/stm32cubeide_1.6.1/stm32cubeide/plugins/com.st.stm32cube.ide.mcu.externaltools.gnu-tools-for-stm32.9-2020-q2-update.win32_1.5.0.202011040924/tools/bin/../lib/gcc/arm-none-eabi/9.3.1/../../../../arm-none-eabi/lib/thumb/v7e-m+fp/hard\libc_nano.a
LOAD c:/st/stm32cubeide_1.6.1/stm32cubeide/plugins/com.st.stm32cube.ide.mcu.externaltools.gnu-tools-for-stm32.9-2020-q2-update.win32_1.5.0.202011040924/tools/bin/../lib/gcc/arm-none-eabi/9.3.1/../../../../arm-none-eabi/lib/thumb/v7e-m+fp/hard\libnosys.a
END GROUP
START GROUP
LOAD c:/st/stm32cubeide_1.6.1/stm32cubeide/plugins/com.st.stm32cube.ide.mcu.externaltools.gnu-tools-for-stm32.9-2020-q2-update.win32_1.5.0.202011040924/tools/bin/../lib/gcc/arm-none-eabi/9.3.1/thumb/v7e-m+fp/hard\libgcc.a
LOAD c:/st/stm32cubeide_1.6.1/stm32cubeide/plugins/com.st.stm32cube.ide.mcu.externaltools.gnu-tools-for-stm32.9-2020-q2-update.win32_1.5.0.202011040924/tools/bin/../lib/gcc/arm-none-eabi/9.3.1/../../../../arm-none-eabi/lib/thumb/v7e-m+fp/hard\libc_nano.a
LOAD c:/st/stm32cubeide_1.6.1/stm32cubeide/plugins/com.st.stm32cube.ide.mcu.externaltools.gnu-tools-for-stm32.9-2020-q2-update.win32_1.5.0.202011040924/tools/bin/../lib/gcc/arm-none-eabi/9.3.1/../../../../arm-none-eabi/lib/thumb/v7e-m+fp/hard\libnosys.a
END GROUP
LOAD c:/st/stm32cubeide_1.6.1/stm32cubeide/plugins/com.st.stm32cube.ide.mcu.externaltools.gnu-tools-for-stm32.9-2020-q2-update.win32_1.5.0.202011040924/tools/bin/../lib/gcc/arm-none-eabi/9.3.1/thumb/v7e-m+fp/hard/crtend.o
LOAD c:/st/stm32cubeide_1.6.1/stm32cubeide/plugins/com.st.stm32cube.ide.mcu.externaltools.gnu-tools-for-stm32.9-2020-q2-update.win32_1.5.0.202011040924/tools/bin/../lib/gcc/arm-none-eabi/9.3.1/thumb/v7e-m+fp/hard/crtn.o
                0x0000000020020000                _estack = (ORIGIN (RAM) + LENGTH (RAM))
                0x0000000000000200                _Min_Heap_Size = 0x200
                0x0000000000000400                _Min_Stack_Size = 0x400

.isr_vector     0x0000000008000000      0x1c4
                0x0000000008000000                . = ALIGN (0x4)
 *(.isr_vector)
 .isr_vector    0x0000000008000000      0x1c4 Core/Startup/startup_stm32f446retx.o
                0x0000000008000000                g_pfnVectors
                0x00000000080001c4                . = ALIGN (0x4)

.text           0x00000000080001d0     0x5b34
                0x00000000080001d0                . = ALIGN (0x4)
 *(.text)
 .text          0x00000000080001d0       0x40 c:/st/stm32cubeide_1.6.1/stm32cubeide/plugins/com.st.stm32cube.ide.mcu.externaltools.gnu-tools-for-stm32.9-2020-q2-update.win32_1.5.0.202011040924/tools/bin/../lib/gcc/arm-none-eabi/9.3.1/thumb/v7e-m+fp/hard/crtbegin.o
 .text          0x0000000008000210       0x94 ThirdParty/SEGGER/SEGGER/SEGGER_RTT_ASM_ARMv7M.o
                0x0000000008000210                SEGGER_RTT_ASM_WriteSkipNoLock
 *fill*         0x00000000080002a4        0xc 
 .text          0x00000000080002b0       0xa0 c:/st/stm32cubeide_1.6.1/stm32cubeide/plugins/com.st.stm32cube.ide.mcu.externaltools.gnu-tools-for-stm32.9-2020-q2-update.win32_1.5.0.202011040924/tools/bin/../lib/gcc/arm-none-eabi/9.3.1/../../../../arm-none-eabi/lib/thumb/v7e-m+fp/hard\libc_nano.a(lib_a-memchr.o)
                0x00000000080002b0                memchr
 .text          0x0000000008000350       0x30 c:/st/stm32cubeide_1.6.1/stm32cubeide/plugins/com.st.stm32cube.ide.mcu.externaltools.gnu-tools-for-stm32.9-2020-q2-update.win32_1.5.0.202011040924/tools/bin/../lib/gcc/arm-none-eabi/9.3.1/thumb/v7e-m+fp/hard\libgcc.a(_aeabi_uldivmod.o)
                0x0000000008000350                __aeabi_uldivmod
 .text          0x0000000008000380      0x2c4 c:/st/stm32cubeide_1.6.1/stm32cubeide/plugins/com.st.stm32cube.ide.mcu.externaltools.gnu-tools-for-stm32.9-2020-q2-update.win32_1.5.0.202011040924/tools/bin/../lib/gcc/arm-none-eabi/9.3.1/thumb/v7e-m+fp/hard\libgcc.a(_udivmoddi4.o)
                0x0000000008000380                __udivmoddi4
 .text          0x0000000008000644        0x4 c:/st/stm32cubeide_1.6.1/stm32cubeide/plugins/com.st.stm32cube.ide.mcu.externaltools.gnu-tools-for-stm32.9-2020-q2-update.win32_1.5.0.202011040924/tools/bin/../lib/gcc/arm-none-eabi/9.3.1/thumb/v7e-m+fp/hard\libgcc.a(_dvmd_tls.o)
                0x0000000008000644                __aeabi_idiv0
                0x0000000008000644                __aeabi_ldiv0
 *(.text*)
 .text.main     0x0000000008000648       0xb0 Core/Src/main.o
                0x0000000008000648                main
 .text.SystemClock_Config
                0x00000000080006f8       0xdc Core/Src/main.o
                0x00000000080006f8                SystemClock_Config
 .text.MX_GPIO_Init
                0x00000000080007d4       0xfc Core/Src/main.o
 .text.task1_handler
                0x00000000080008d0       0x3c Core/Src/main.o
 .text.task2_handler
                0x000000000800090c       0x3c Core/Src/main.o
 .text.HAL_TIM_PeriodElapsedCallback
                0x0000000008000948       0x24 Core/Src/main.o
                0x0000000008000948                HAL_TIM_PeriodElapsedCallback
 .text.Error_Handler
                0x000000000800096c        0xa Core/Src/main.o
                0x000000000800096c                Error_Handler
 *fill*         0x0000000008000976        0x2 
 .text.HAL_MspInit
                0x0000000008000978       0x50 Core/Src/stm32f4xx_hal_msp.o
                0x0000000008000978                HAL_MspInit
 .text.HAL_InitTick
                0x00000000080009c8       0xb4 Core/Src/stm32f4xx_hal_timebase_tim.o
                0x00000000080009c8                HAL_InitTick
 .text.NMI_Handler
                0x0000000008000a7c        0x6 Core/Src/stm32f4xx_it.o
                0x0000000008000a7c                NMI_Handler
 .text.HardFault_Handler
                0x0000000008000a82        0x6 Core/Src/stm32f4xx_it.o
                0x0000000008000a82                HardFault_Handler
 .text.MemManage_Handler
                0x0000000008000a88        0x6 Core/Src/stm32f4xx_it.o
                0x0000000008000a88                MemManage_Handler
 .text.BusFault_Handler
                0x0000000008000a8e        0x6 Core/Src/stm32f4xx_it.o
                0x0000000008000a8e                BusFault_Handler
 .text.UsageFault_Handler
                0x0000000008000a94        0x6 Core/Src/stm32f4xx_it.o
                0x0000000008000a94                UsageFault_Handler
 .text.DebugMon_Handler
                0x0000000008000a9a        0xe Core/Src/stm32f4xx_it.o
                0x0000000008000a9a                DebugMon_Handler
 .text.TIM6_DAC_IRQHandler
                0x0000000008000aa8       0x14 Core/Src/stm32f4xx_it.o
                0x0000000008000aa8                TIM6_DAC_IRQHandler
 .text.SystemInit
                0x0000000008000abc       0x24 Core/Src/system_stm32f4xx.o
                0x0000000008000abc                SystemInit
 .text.Reset_Handler
                0x0000000008000ae0       0x50 Core/Startup/startup_stm32f446retx.o
                0x0000000008000ae0                Reset_Handler
 .text.Default_Handler
                0x0000000008000b30        0x2 Core/Startup/startup_stm32f446retx.o
                0x0000000008000b30                RTC_Alarm_IRQHandler
                0x0000000008000b30                EXTI2_IRQHandler
                0x0000000008000b30                TIM8_CC_IRQHandler
                0x0000000008000b30                FMPI2C1_EV_IRQHandler
                0x0000000008000b30                SPI4_IRQHandler
                0x0000000008000b30                TIM1_CC_IRQHandler
                0x0000000008000b30                DMA2_Stream5_IRQHandler
                0x0000000008000b30                DMA1_Stream5_IRQHandler
                0x0000000008000b30                PVD_IRQHandler
                0x0000000008000b30                SDIO_IRQHandler
                0x0000000008000b30                TAMP_STAMP_IRQHandler
                0x0000000008000b30                CAN2_RX1_IRQHandler
                0x0000000008000b30                EXTI3_IRQHandler
                0x0000000008000b30                TIM8_TRG_COM_TIM14_IRQHandler
                0x0000000008000b30                TIM1_UP_TIM10_IRQHandler
                0x0000000008000b30                TIM8_UP_TIM13_IRQHandler
                0x0000000008000b30                I2C3_ER_IRQHandler
                0x0000000008000b30                EXTI0_IRQHandler
                0x0000000008000b30                I2C2_EV_IRQHandler
                0x0000000008000b30                DMA1_Stream2_IRQHandler
                0x0000000008000b30                CAN1_RX0_IRQHandler
                0x0000000008000b30                FPU_IRQHandler
                0x0000000008000b30                OTG_HS_WKUP_IRQHandler
                0x0000000008000b30                CAN2_SCE_IRQHandler
                0x0000000008000b30                DMA2_Stream2_IRQHandler
                0x0000000008000b30                SPI1_IRQHandler
                0x0000000008000b30                TIM1_BRK_TIM9_IRQHandler
                0x0000000008000b30                DCMI_IRQHandler
                0x0000000008000b30                CAN2_RX0_IRQHandler
                0x0000000008000b30                DMA2_Stream3_IRQHandler
                0x0000000008000b30                SAI2_IRQHandler
                0x0000000008000b30                USART6_IRQHandler
                0x0000000008000b30                USART3_IRQHandler
                0x0000000008000b30                CAN1_RX1_IRQHandler
                0x0000000008000b30                UART5_IRQHandler
                0x0000000008000b30                DMA2_Stream0_IRQHandler
                0x0000000008000b30                TIM4_IRQHandler
                0x0000000008000b30                QUADSPI_IRQHandler
                0x0000000008000b30                I2C1_EV_IRQHandler
                0x0000000008000b30                DMA1_Stream6_IRQHandler
                0x0000000008000b30                DMA1_Stream1_IRQHandler
                0x0000000008000b30                UART4_IRQHandler
                0x0000000008000b30                TIM3_IRQHandler
                0x0000000008000b30                RCC_IRQHandler
                0x0000000008000b30                TIM8_BRK_TIM12_IRQHandler
                0x0000000008000b30                Default_Handler
                0x0000000008000b30                CEC_IRQHandler
                0x0000000008000b30                EXTI15_10_IRQHandler
                0x0000000008000b30                ADC_IRQHandler
                0x0000000008000b30                DMA1_Stream7_IRQHandler
                0x0000000008000b30                TIM7_IRQHandler
                0x0000000008000b30                CAN2_TX_IRQHandler
                0x0000000008000b30                TIM5_IRQHandler
                0x0000000008000b30                DMA2_Stream7_IRQHandler
                0x0000000008000b30                I2C3_EV_IRQHandler
                0x0000000008000b30                EXTI9_5_IRQHandler
                0x0000000008000b30                RTC_WKUP_IRQHandler
                0x0000000008000b30                SPDIF_RX_IRQHandler
                0x0000000008000b30                SPI2_IRQHandler
                0x0000000008000b30                OTG_HS_EP1_IN_IRQHandler
                0x0000000008000b30                DMA1_Stream0_IRQHandler
                0x0000000008000b30                CAN1_TX_IRQHandler
                0x0000000008000b30                FMPI2C1_ER_IRQHandler
                0x0000000008000b30                EXTI4_IRQHandler
                0x0000000008000b30                OTG_HS_EP1_OUT_IRQHandler
                0x0000000008000b30                WWDG_IRQHandler
                0x0000000008000b30                TIM2_IRQHandler
                0x0000000008000b30                OTG_FS_WKUP_IRQHandler
                0x0000000008000b30                TIM1_TRG_COM_TIM11_IRQHandler
                0x0000000008000b30                OTG_HS_IRQHandler
                0x0000000008000b30                EXTI1_IRQHandler
                0x0000000008000b30                USART2_IRQHandler
                0x0000000008000b30                I2C2_ER_IRQHandler
                0x0000000008000b30                DMA2_Stream1_IRQHandler
                0x0000000008000b30                CAN1_SCE_IRQHandler
                0x0000000008000b30                FLASH_IRQHandler
                0x0000000008000b30                DMA2_Stream4_IRQHandler
                0x0000000008000b30                USART1_IRQHandler
                0x0000000008000b30                OTG_FS_IRQHandler
                0x0000000008000b30                SPI3_IRQHandler
                0x0000000008000b30                DMA1_Stream4_IRQHandler
                0x0000000008000b30                I2C1_ER_IRQHandler
                0x0000000008000b30                FMC_IRQHandler
                0x0000000008000b30                DMA2_Stream6_IRQHandler
                0x0000000008000b30                SAI1_IRQHandler
                0x0000000008000b30                DMA1_Stream3_IRQHandler
 *fill*         0x0000000008000b32        0x2 
 .text.HAL_Init
                0x0000000008000b34       0x44 Drivers/STM32F4xx_HAL_Driver/Src/stm32f4xx_hal.o
                0x0000000008000b34                HAL_Init
 .text.HAL_IncTick
                0x0000000008000b78       0x28 Drivers/STM32F4xx_HAL_Driver/Src/stm32f4xx_hal.o
                0x0000000008000b78                HAL_IncTick
 .text.HAL_GetTick
                0x0000000008000ba0       0x18 Drivers/STM32F4xx_HAL_Driver/Src/stm32f4xx_hal.o
                0x0000000008000ba0                HAL_GetTick
 .text.__NVIC_SetPriorityGrouping
                0x0000000008000bb8       0x48 Drivers/STM32F4xx_HAL_Driver/Src/stm32f4xx_hal_cortex.o
 .text.__NVIC_GetPriorityGrouping
                0x0000000008000c00       0x1c Drivers/STM32F4xx_HAL_Driver/Src/stm32f4xx_hal_cortex.o
 .text.__NVIC_EnableIRQ
                0x0000000008000c1c       0x3c Drivers/STM32F4xx_HAL_Driver/Src/stm32f4xx_hal_cortex.o
 .text.__NVIC_SetPriority
                0x0000000008000c58       0x54 Drivers/STM32F4xx_HAL_Driver/Src/stm32f4xx_hal_cortex.o
 .text.NVIC_EncodePriority
                0x0000000008000cac       0x66 Drivers/STM32F4xx_HAL_Driver/Src/stm32f4xx_hal_cortex.o
 .text.HAL_NVIC_SetPriorityGrouping
                0x0000000008000d12       0x16 Drivers/STM32F4xx_HAL_Driver/Src/stm32f4xx_hal_cortex.o
                0x0000000008000d12                HAL_NVIC_SetPriorityGrouping
 .text.HAL_NVIC_SetPriority
                0x0000000008000d28       0x38 Drivers/STM32F4xx_HAL_Driver/Src/stm32f4xx_hal_cortex.o
                0x0000000008000d28                HAL_NVIC_SetPriority
 .text.HAL_NVIC_EnableIRQ
                0x0000000008000d60       0x1c Drivers/STM32F4xx_HAL_Driver/Src/stm32f4xx_hal_cortex.o
                0x0000000008000d60                HAL_NVIC_EnableIRQ
 .text.HAL_GPIO_Init
                0x0000000008000d7c      0x328 Drivers/STM32F4xx_HAL_Driver/Src/stm32f4xx_hal_gpio.o
                0x0000000008000d7c                HAL_GPIO_Init
 .text.HAL_GPIO_WritePin
                0x00000000080010a4       0x32 Drivers/STM32F4xx_HAL_Driver/Src/stm32f4xx_hal_gpio.o
                0x00000000080010a4                HAL_GPIO_WritePin
 *fill*         0x00000000080010d6        0x2 
 .text.HAL_RCC_ClockConfig
                0x00000000080010d8      0x1cc Drivers/STM32F4xx_HAL_Driver/Src/stm32f4xx_hal_rcc.o
                0x00000000080010d8                HAL_RCC_ClockConfig
 .text.HAL_RCC_GetHCLKFreq
                0x00000000080012a4       0x18 Drivers/STM32F4xx_HAL_Driver/Src/stm32f4xx_hal_rcc.o
                0x00000000080012a4                HAL_RCC_GetHCLKFreq
 .text.HAL_RCC_GetPCLK1Freq
                0x00000000080012bc       0x28 Drivers/STM32F4xx_HAL_Driver/Src/stm32f4xx_hal_rcc.o
                0x00000000080012bc                HAL_RCC_GetPCLK1Freq
 .text.HAL_RCC_GetClockConfig
                0x00000000080012e4       0x64 Drivers/STM32F4xx_HAL_Driver/Src/stm32f4xx_hal_rcc.o
                0x00000000080012e4                HAL_RCC_GetClockConfig
 .text.HAL_RCC_GetSysClockFreq
                0x0000000008001348      0x364 Drivers/STM32F4xx_HAL_Driver/Src/stm32f4xx_hal_rcc_ex.o
                0x0000000008001348                HAL_RCC_GetSysClockFreq
 .text.HAL_RCC_OscConfig
                0x00000000080016ac      0x53c Drivers/STM32F4xx_HAL_Driver/Src/stm32f4xx_hal_rcc_ex.o
                0x00000000080016ac                HAL_RCC_OscConfig
 .text.HAL_TIM_Base_Init
                0x0000000008001be8       0x9e Drivers/STM32F4xx_HAL_Driver/Src/stm32f4xx_hal_tim.o
                0x0000000008001be8                HAL_TIM_Base_Init
 .text.HAL_TIM_Base_MspInit
                0x0000000008001c86       0x14 Drivers/STM32F4xx_HAL_Driver/Src/stm32f4xx_hal_tim.o
                0x0000000008001c86                HAL_TIM_Base_MspInit
 *fill*         0x0000000008001c9a        0x2 
 .text.HAL_TIM_Base_Start_IT
                0x0000000008001c9c       0xe0 Drivers/STM32F4xx_HAL_Driver/Src/stm32f4xx_hal_tim.o
                0x0000000008001c9c                HAL_TIM_Base_Start_IT
 .text.HAL_TIM_IRQHandler
                0x0000000008001d7c      0x210 Drivers/STM32F4xx_HAL_Driver/Src/stm32f4xx_hal_tim.o
                0x0000000008001d7c                HAL_TIM_IRQHandler
 .text.HAL_TIM_OC_DelayElapsedCallback
                0x0000000008001f8c       0x14 Drivers/STM32F4xx_HAL_Driver/Src/stm32f4xx_hal_tim.o
                0x0000000008001f8c                HAL_TIM_OC_DelayElapsedCallback
 .text.HAL_TIM_IC_CaptureCallback
                0x0000000008001fa0       0x14 Drivers/STM32F4xx_HAL_Driver/Src/stm32f4xx_hal_tim.o
                0x0000000008001fa0                HAL_TIM_IC_CaptureCallback
 .text.HAL_TIM_PWM_PulseFinishedCallback
                0x0000000008001fb4       0x14 Drivers/STM32F4xx_HAL_Driver/Src/stm32f4xx_hal_tim.o
                0x0000000008001fb4                HAL_TIM_PWM_PulseFinishedCallback
 .text.HAL_TIM_TriggerCallback
                0x0000000008001fc8       0x14 Drivers/STM32F4xx_HAL_Driver/Src/stm32f4xx_hal_tim.o
                0x0000000008001fc8                HAL_TIM_TriggerCallback
 .text.TIM_Base_SetConfig
                0x0000000008001fdc      0x140 Drivers/STM32F4xx_HAL_Driver/Src/stm32f4xx_hal_tim.o
                0x0000000008001fdc                TIM_Base_SetConfig
 .text.HAL_TIMEx_CommutCallback
                0x000000000800211c       0x14 Drivers/STM32F4xx_HAL_Driver/Src/stm32f4xx_hal_tim_ex.o
                0x000000000800211c                HAL_TIMEx_CommutCallback
 .text.HAL_TIMEx_BreakCallback
                0x0000000008002130       0x14 Drivers/STM32F4xx_HAL_Driver/Src/stm32f4xx_hal_tim_ex.o
                0x0000000008002130                HAL_TIMEx_BreakCallback
 .text.vListInitialise
                0x0000000008002144       0x40 ThirdParty/FreeRTOS/list.o
                0x0000000008002144                vListInitialise
 .text.vListInitialiseItem
                0x0000000008002184       0x1a ThirdParty/FreeRTOS/list.o
                0x0000000008002184                vListInitialiseItem
 .text.uxListRemove
                0x000000000800219e       0x54 ThirdParty/FreeRTOS/list.o
                0x000000000800219e                uxListRemove
 .text.xTaskCreate
                0x00000000080021f2       0x82 ThirdParty/FreeRTOS/tasks.o
                0x00000000080021f2                xTaskCreate
 .text.prvInitialiseNewTask
                0x0000000008002274      0x148 ThirdParty/FreeRTOS/tasks.o
 .text.prvAddNewTaskToReadyList
                0x00000000080023bc      0x14c ThirdParty/FreeRTOS/tasks.o
 .text.vTaskStartScheduler
                0x0000000008002508       0xb8 ThirdParty/FreeRTOS/tasks.o
                0x0000000008002508                vTaskStartScheduler
 .text.vTaskSuspendAll
                0x00000000080025c0       0x1c ThirdParty/FreeRTOS/tasks.o
                0x00000000080025c0                vTaskSuspendAll
 .text.xTaskResumeAll
                0x00000000080025dc      0x1e4 ThirdParty/FreeRTOS/tasks.o
                0x00000000080025dc                xTaskResumeAll
 .text.xTaskGetTickCountFromISR
                0x00000000080027c0       0x24 ThirdParty/FreeRTOS/tasks.o
                0x00000000080027c0                xTaskGetTickCountFromISR
 .text.xTaskIncrementTick
                0x00000000080027e4      0x1f0 ThirdParty/FreeRTOS/tasks.o
                0x00000000080027e4                xTaskIncrementTick
 .text.vTaskSwitchContext
                0x00000000080029d4       0xd4 ThirdParty/FreeRTOS/tasks.o
                0x00000000080029d4                vTaskSwitchContext
 .text.prvIdleTask
                0x0000000008002aa8       0x24 ThirdParty/FreeRTOS/tasks.o
 .text.prvInitialiseTaskLists
                0x0000000008002acc       0x80 ThirdParty/FreeRTOS/tasks.o
 .text.prvCheckTasksWaitingTermination
                0x0000000008002b4c       0x5c ThirdParty/FreeRTOS/tasks.o
 .text.prvDeleteTCB
                0x0000000008002ba8       0x20 ThirdParty/FreeRTOS/tasks.o
 .text.prvResetNextTaskUnblockTime
                0x0000000008002bc8       0x38 ThirdParty/FreeRTOS/tasks.o
 .text.pxPortInitialiseStack
                0x0000000008002c00       0x68 ThirdParty/FreeRTOS/portable/GCC/ARM_CM4F/port.o
                0x0000000008002c00                pxPortInitialiseStack
 .text.prvTaskExitError
                0x0000000008002c68       0x58 ThirdParty/FreeRTOS/portable/GCC/ARM_CM4F/port.o
 .text.SVC_Handler
                0x0000000008002cc0       0x28 ThirdParty/FreeRTOS/portable/GCC/ARM_CM4F/port.o
                0x0000000008002cc0                SVC_Handler
 .text.prvPortStartFirstTask
                0x0000000008002ce8       0x2c ThirdParty/FreeRTOS/portable/GCC/ARM_CM4F/port.o
 .text.xPortStartScheduler
                0x0000000008002d14      0x144 ThirdParty/FreeRTOS/portable/GCC/ARM_CM4F/port.o
                0x0000000008002d14                xPortStartScheduler
 .text.vInitPrioGroupValue
                0x0000000008002e58       0xfc ThirdParty/FreeRTOS/portable/GCC/ARM_CM4F/port.o
                0x0000000008002e58                vInitPrioGroupValue
 .text.vPortEnterCritical
                0x0000000008002f54       0x60 ThirdParty/FreeRTOS/portable/GCC/ARM_CM4F/port.o
                0x0000000008002f54                vPortEnterCritical
 .text.vPortExitCritical
                0x0000000008002fb4       0x54 ThirdParty/FreeRTOS/portable/GCC/ARM_CM4F/port.o
                0x0000000008002fb4                vPortExitCritical
 *fill*         0x0000000008003008        0x8 
 .text.PendSV_Handler
                0x0000000008003010       0x68 ThirdParty/FreeRTOS/portable/GCC/ARM_CM4F/port.o
                0x0000000008003010                PendSV_Handler
 .text.SysTick_Handler
                0x0000000008003078       0x54 ThirdParty/FreeRTOS/portable/GCC/ARM_CM4F/port.o
                0x0000000008003078                SysTick_Handler
 .text.vPortSetupTimerInterrupt
                0x00000000080030cc       0x48 ThirdParty/FreeRTOS/portable/GCC/ARM_CM4F/port.o
                0x00000000080030cc                vPortSetupTimerInterrupt
 .text.vPortEnableVFP
                0x0000000008003114       0x18 ThirdParty/FreeRTOS/portable/GCC/ARM_CM4F/port.o
 .text.vPortValidateInterruptPriority
                0x000000000800312c       0x80 ThirdParty/FreeRTOS/portable/GCC/ARM_CM4F/port.o
                0x000000000800312c                vPortValidateInterruptPriority
 .text.pvPortMalloc
                0x00000000080031ac      0x1c0 ThirdParty/FreeRTOS/portable/MemMang/heap_4.o
                0x00000000080031ac                pvPortMalloc
 .text.vPortFree
                0x000000000800336c       0xc4 ThirdParty/FreeRTOS/portable/MemMang/heap_4.o
                0x000000000800336c                vPortFree
 .text.prvHeapInit
                0x0000000008003430       0xc4 ThirdParty/FreeRTOS/portable/MemMang/heap_4.o
 .text.prvInsertBlockIntoFreeList
                0x00000000080034f4       0xb4 ThirdParty/FreeRTOS/portable/MemMang/heap_4.o
 .text._cbSendSystemDesc
                0x00000000080035a8       0x1c ThirdParty/SEGGER/Config/SEGGER_SYSVIEW_Config_FreeRTOS.o
 .text.SEGGER_SYSVIEW_Conf
                0x00000000080035c4       0x2c ThirdParty/SEGGER/Config/SEGGER_SYSVIEW_Config_FreeRTOS.o
                0x00000000080035c4                SEGGER_SYSVIEW_Conf
 .text._cbSendTaskList
                0x00000000080035f0       0x90 ThirdParty/SEGGER/OS/SEGGER_SYSVIEW_FreeRTOS.o
 .text._cbGetTime
                0x0000000008003680       0x78 ThirdParty/SEGGER/OS/SEGGER_SYSVIEW_FreeRTOS.o
 .text.SYSVIEW_AddTask
                0x00000000080036f8       0xd0 ThirdParty/SEGGER/OS/SEGGER_SYSVIEW_FreeRTOS.o
                0x00000000080036f8                SYSVIEW_AddTask
 .text.SYSVIEW_SendTaskInfo
                0x00000000080037c8       0x42 ThirdParty/SEGGER/OS/SEGGER_SYSVIEW_FreeRTOS.o
                0x00000000080037c8                SYSVIEW_SendTaskInfo
 *fill*         0x000000000800380a        0x2 
 .text._DoInit  0x000000000800380c       0xb0 ThirdParty/SEGGER/SEGGER/SEGGER_RTT.o
 .text.SEGGER_RTT_ReadNoLock
                0x00000000080038bc      0x10c ThirdParty/SEGGER/SEGGER/SEGGER_RTT.o
                0x00000000080038bc                SEGGER_RTT_ReadNoLock
 .text.SEGGER_RTT_AllocUpBuffer
                0x00000000080039c8      0x108 ThirdParty/SEGGER/SEGGER/SEGGER_RTT.o
                0x00000000080039c8                SEGGER_RTT_AllocUpBuffer
 .text.SEGGER_RTT_ConfigDownBuffer
                0x0000000008003ad0       0x98 ThirdParty/SEGGER/SEGGER/SEGGER_RTT.o
                0x0000000008003ad0                SEGGER_RTT_ConfigDownBuffer
 .text._EncodeStr
                0x0000000008003b68       0xa0 ThirdParty/SEGGER/SEGGER/SEGGER_SYSVIEW.o
 .text._PreparePacket
                0x0000000008003c08       0x18 ThirdParty/SEGGER/SEGGER/SEGGER_SYSVIEW.o
 .text._HandleIncomingPacket
                0x0000000008003c20       0xe4 ThirdParty/SEGGER/SEGGER/SEGGER_SYSVIEW.o
 .text._TrySendOverflowPacket
                0x0000000008003d04       0xe4 ThirdParty/SEGGER/SEGGER/SEGGER_SYSVIEW.o
 .text._SendPacket
                0x0000000008003de8      0x1cc ThirdParty/SEGGER/SEGGER/SEGGER_SYSVIEW.o
 .text._StoreChar
                0x0000000008003fb4       0xf6 ThirdParty/SEGGER/SEGGER/SEGGER_SYSVIEW.o
 *fill*         0x00000000080040aa        0x2 
 .text._PrintUnsigned
                0x00000000080040ac      0x12c ThirdParty/SEGGER/SEGGER/SEGGER_SYSVIEW.o
 .text._PrintInt
                0x00000000080041d8      0x11e ThirdParty/SEGGER/SEGGER/SEGGER_SYSVIEW.o
 *fill*         0x00000000080042f6        0x2 
 .text._VPrintTarget
                0x00000000080042f8      0x3f0 ThirdParty/SEGGER/SEGGER/SEGGER_SYSVIEW.o
 .text.SEGGER_SYSVIEW_Init
                0x00000000080046e8       0x88 ThirdParty/SEGGER/SEGGER/SEGGER_SYSVIEW.o
                0x00000000080046e8                SEGGER_SYSVIEW_Init
 .text.SEGGER_SYSVIEW_SetRAMBase
                0x0000000008004770       0x20 ThirdParty/SEGGER/SEGGER/SEGGER_SYSVIEW.o
                0x0000000008004770                SEGGER_SYSVIEW_SetRAMBase
 .text.SEGGER_SYSVIEW_RecordVoid
                0x0000000008004790       0x3c ThirdParty/SEGGER/SEGGER/SEGGER_SYSVIEW.o
                0x0000000008004790                SEGGER_SYSVIEW_RecordVoid
 .text.SEGGER_SYSVIEW_RecordU32
                0x00000000080047cc       0x78 ThirdParty/SEGGER/SEGGER/SEGGER_SYSVIEW.o
                0x00000000080047cc                SEGGER_SYSVIEW_RecordU32
 .text.SEGGER_SYSVIEW_RecordU32x2
                0x0000000008004844       0xb4 ThirdParty/SEGGER/SEGGER/SEGGER_SYSVIEW.o
                0x0000000008004844                SEGGER_SYSVIEW_RecordU32x2
 .text.SEGGER_SYSVIEW_Start
                0x00000000080048f8      0x174 ThirdParty/SEGGER/SEGGER/SEGGER_SYSVIEW.o
                0x00000000080048f8                SEGGER_SYSVIEW_Start
 .text.SEGGER_SYSVIEW_Stop
                0x0000000008004a6c       0x4c ThirdParty/SEGGER/SEGGER/SEGGER_SYSVIEW.o
                0x0000000008004a6c                SEGGER_SYSVIEW_Stop
 .text.SEGGER_SYSVIEW_GetSysDesc
                0x0000000008004ab8      0x134 ThirdParty/SEGGER/SEGGER/SEGGER_SYSVIEW.o
                0x0000000008004ab8                SEGGER_SYSVIEW_GetSysDesc
 .text.SEGGER_SYSVIEW_SendTaskInfo
                0x0000000008004bec      0x1c8 ThirdParty/SEGGER/SEGGER/SEGGER_SYSVIEW.o
                0x0000000008004bec                SEGGER_SYSVIEW_SendTaskInfo
 .text.SEGGER_SYSVIEW_SendTaskList
                0x0000000008004db4       0x28 ThirdParty/SEGGER/SEGGER/SEGGER_SYSVIEW.o
                0x0000000008004db4                SEGGER_SYSVIEW_SendTaskList
 .text.SEGGER_SYSVIEW_SendSysDesc
                0x0000000008004ddc       0x48 ThirdParty/SEGGER/SEGGER/SEGGER_SYSVIEW.o
                0x0000000008004ddc                SEGGER_SYSVIEW_SendSysDesc
 .text.SEGGER_SYSVIEW_RecordSystime
                0x0000000008004e24       0x64 ThirdParty/SEGGER/SEGGER/SEGGER_SYSVIEW.o
                0x0000000008004e24                SEGGER_SYSVIEW_RecordSystime
 .text.SEGGER_SYSVIEW_RecordEnterISR
                0x0000000008004e88       0x84 ThirdParty/SEGGER/SEGGER/SEGGER_SYSVIEW.o
                0x0000000008004e88                SEGGER_SYSVIEW_RecordEnterISR
 .text.SEGGER_SYSVIEW_RecordExitISR
                0x0000000008004f0c       0x38 ThirdParty/SEGGER/SEGGER/SEGGER_SYSVIEW.o
                0x0000000008004f0c                SEGGER_SYSVIEW_RecordExitISR
 .text.SEGGER_SYSVIEW_RecordExitISRToScheduler
                0x0000000008004f44       0x38 ThirdParty/SEGGER/SEGGER/SEGGER_SYSVIEW.o
                0x0000000008004f44                SEGGER_SYSVIEW_RecordExitISRToScheduler
 .text.SEGGER_SYSVIEW_OnIdle
                0x0000000008004f7c       0x38 ThirdParty/SEGGER/SEGGER/SEGGER_SYSVIEW.o
                0x0000000008004f7c                SEGGER_SYSVIEW_OnIdle
 .text.SEGGER_SYSVIEW_OnTaskCreate
                0x0000000008004fb4       0x84 ThirdParty/SEGGER/SEGGER/SEGGER_SYSVIEW.o
                0x0000000008004fb4                SEGGER_SYSVIEW_OnTaskCreate
 .text.SEGGER_SYSVIEW_OnTaskStartExec
                0x0000000008005038       0x84 ThirdParty/SEGGER/SEGGER/SEGGER_SYSVIEW.o
                0x0000000008005038                SEGGER_SYSVIEW_OnTaskStartExec
 .text.SEGGER_SYSVIEW_OnTaskStartReady
                0x00000000080050bc       0x84 ThirdParty/SEGGER/SEGGER/SEGGER_SYSVIEW.o
                0x00000000080050bc                SEGGER_SYSVIEW_OnTaskStartReady
 .text.SEGGER_SYSVIEW_SendModule
                0x0000000008005140      0x100 ThirdParty/SEGGER/SEGGER/SEGGER_SYSVIEW.o
                0x0000000008005140                SEGGER_SYSVIEW_SendModule
 .text.SEGGER_SYSVIEW_SendModuleDescription
                0x0000000008005240       0x3c ThirdParty/SEGGER/SEGGER/SEGGER_SYSVIEW.o
                0x0000000008005240                SEGGER_SYSVIEW_SendModuleDescription
 .text.SEGGER_SYSVIEW_SendNumModules
                0x000000000800527c       0x7c ThirdParty/SEGGER/SEGGER/SEGGER_SYSVIEW.o
                0x000000000800527c                SEGGER_SYSVIEW_SendNumModules
 .text.SEGGER_SYSVIEW_PrintfTarget
                0x00000000080052f8       0x28 ThirdParty/SEGGER/SEGGER/SEGGER_SYSVIEW.o
                0x00000000080052f8                SEGGER_SYSVIEW_PrintfTarget
 .text.SEGGER_SYSVIEW_Warn
                0x0000000008005320       0xb8 ThirdParty/SEGGER/SEGGER/SEGGER_SYSVIEW.o
                0x0000000008005320                SEGGER_SYSVIEW_Warn
 .text.__libc_init_array
                0x00000000080053d8       0x48 c:/st/stm32cubeide_1.6.1/stm32cubeide/plugins/com.st.stm32cube.ide.mcu.externaltools.gnu-tools-for-stm32.9-2020-q2-update.win32_1.5.0.202011040924/tools/bin/../lib/gcc/arm-none-eabi/9.3.1/../../../../arm-none-eabi/lib/thumb/v7e-m+fp/hard\libc_nano.a(lib_a-init.o)
                0x00000000080053d8                __libc_init_array
 .text.memcmp   0x0000000008005420       0x1c c:/st/stm32cubeide_1.6.1/stm32cubeide/plugins/com.st.stm32cube.ide.mcu.externaltools.gnu-tools-for-stm32.9-2020-q2-update.win32_1.5.0.202011040924/tools/bin/../lib/gcc/arm-none-eabi/9.3.1/../../../../arm-none-eabi/lib/thumb/v7e-m+fp/hard\libc_nano.a(lib_a-memcmp.o)
                0x0000000008005420                memcmp
 .text.memcpy   0x000000000800543c       0x1c c:/st/stm32cubeide_1.6.1/stm32cubeide/plugins/com.st.stm32cube.ide.mcu.externaltools.gnu-tools-for-stm32.9-2020-q2-update.win32_1.5.0.202011040924/tools/bin/../lib/gcc/arm-none-eabi/9.3.1/../../../../arm-none-eabi/lib/thumb/v7e-m+fp/hard\libc_nano.a(lib_a-memcpy-stub.o)
                0x000000000800543c                memcpy
 .text.memset   0x0000000008005458       0x10 c:/st/stm32cubeide_1.6.1/stm32cubeide/plugins/com.st.stm32cube.ide.mcu.externaltools.gnu-tools-for-stm32.9-2020-q2-update.win32_1.5.0.202011040924/tools/bin/../lib/gcc/arm-none-eabi/9.3.1/../../../../arm-none-eabi/lib/thumb/v7e-m+fp/hard\libc_nano.a(lib_a-memset.o)
                0x0000000008005458                memset
 .text.snprintf
                0x0000000008005468       0x68 c:/st/stm32cubeide_1.6.1/stm32cubeide/plugins/com.st.stm32cube.ide.mcu.externaltools.gnu-tools-for-stm32.9-2020-q2-update.win32_1.5.0.202011040924/tools/bin/../lib/gcc/arm-none-eabi/9.3.1/../../../../arm-none-eabi/lib/thumb/v7e-m+fp/hard\libc_nano.a(lib_a-snprintf.o)
                0x0000000008005468                sniprintf
                0x0000000008005468                snprintf
 .text.__ssputs_r
                0x00000000080054d0       0xb6 c:/st/stm32cubeide_1.6.1/stm32cubeide/plugins/com.st.stm32cube.ide.mcu.externaltools.gnu-tools-for-stm32.9-2020-q2-update.win32_1.5.0.202011040924/tools/bin/../lib/gcc/arm-none-eabi/9.3.1/../../../../arm-none-eabi/lib/thumb/v7e-m+fp/hard\libc_nano.a(lib_a-nano-svfprintf.o)
                0x00000000080054d0                __ssputs_r
 *fill*         0x0000000008005586        0x2 
 .text._svfprintf_r
                0x0000000008005588      0x200 c:/st/stm32cubeide_1.6.1/stm32cubeide/plugins/com.st.stm32cube.ide.mcu.externaltools.gnu-tools-for-stm32.9-2020-q2-update.win32_1.5.0.202011040924/tools/bin/../lib/gcc/arm-none-eabi/9.3.1/../../../../arm-none-eabi/lib/thumb/v7e-m+fp/hard\libc_nano.a(lib_a-nano-svfprintf.o)
                0x0000000008005588                _svfiprintf_r
                0x0000000008005588                _svfprintf_r
 .text._printf_common
                0x0000000008005788       0xda c:/st/stm32cubeide_1.6.1/stm32cubeide/plugins/com.st.stm32cube.ide.mcu.externaltools.gnu-tools-for-stm32.9-2020-q2-update.win32_1.5.0.202011040924/tools/bin/../lib/gcc/arm-none-eabi/9.3.1/../../../../arm-none-eabi/lib/thumb/v7e-m+fp/hard\libc_nano.a(lib_a-nano-vfprintf_i.o)
                0x0000000008005788                _printf_common
 *fill*         0x0000000008005862        0x2 
 .text._printf_i
                0x0000000008005864      0x24c c:/st/stm32cubeide_1.6.1/stm32cubeide/plugins/com.st.stm32cube.ide.mcu.externaltools.gnu-tools-for-stm32.9-2020-q2-update.win32_1.5.0.202011040924/tools/bin/../lib/gcc/arm-none-eabi/9.3.1/../../../../arm-none-eabi/lib/thumb/v7e-m+fp/hard\libc_nano.a(lib_a-nano-vfprintf_i.o)
                0x0000000008005864                _printf_i
 .text.memmove  0x0000000008005ab0       0x34 c:/st/stm32cubeide_1.6.1/stm32cubeide/plugins/com.st.stm32cube.ide.mcu.externaltools.gnu-tools-for-stm32.9-2020-q2-update.win32_1.5.0.202011040924/tools/bin/../lib/gcc/arm-none-eabi/9.3.1/../../../../arm-none-eabi/lib/thumb/v7e-m+fp/hard\libc_nano.a(lib_a-memmove.o)
                0x0000000008005ab0                memmove
 .text._free_r  0x0000000008005ae4       0xa0 c:/st/stm32cubeide_1.6.1/stm32cubeide/plugins/com.st.stm32cube.ide.mcu.externaltools.gnu-tools-for-stm32.9-2020-q2-update.win32_1.5.0.202011040924/tools/bin/../lib/gcc/arm-none-eabi/9.3.1/../../../../arm-none-eabi/lib/thumb/v7e-m+fp/hard\libc_nano.a(lib_a-nano-freer.o)
                0x0000000008005ae4                _free_r
 .text._malloc_r
                0x0000000008005b84       0xb4 c:/st/stm32cubeide_1.6.1/stm32cubeide/plugins/com.st.stm32cube.ide.mcu.externaltools.gnu-tools-for-stm32.9-2020-q2-update.win32_1.5.0.202011040924/tools/bin/../lib/gcc/arm-none-eabi/9.3.1/../../../../arm-none-eabi/lib/thumb/v7e-m+fp/hard\libc_nano.a(lib_a-nano-mallocr.o)
                0x0000000008005b84                _malloc_r
 .text._realloc_r
                0x0000000008005c38       0x4c c:/st/stm32cubeide_1.6.1/stm32cubeide/plugins/com.st.stm32cube.ide.mcu.externaltools.gnu-tools-for-stm32.9-2020-q2-update.win32_1.5.0.202011040924/tools/bin/../lib/gcc/arm-none-eabi/9.3.1/../../../../arm-none-eabi/lib/thumb/v7e-m+fp/hard\libc_nano.a(lib_a-nano-reallocr.o)
                0x0000000008005c38                _realloc_r
 .text._sbrk_r  0x0000000008005c84       0x20 c:/st/stm32cubeide_1.6.1/stm32cubeide/plugins/com.st.stm32cube.ide.mcu.externaltools.gnu-tools-for-stm32.9-2020-q2-update.win32_1.5.0.202011040924/tools/bin/../lib/gcc/arm-none-eabi/9.3.1/../../../../arm-none-eabi/lib/thumb/v7e-m+fp/hard\libc_nano.a(lib_a-sbrkr.o)
                0x0000000008005c84                _sbrk_r
 .text.__malloc_lock
                0x0000000008005ca4        0xc c:/st/stm32cubeide_1.6.1/stm32cubeide/plugins/com.st.stm32cube.ide.mcu.externaltools.gnu-tools-for-stm32.9-2020-q2-update.win32_1.5.0.202011040924/tools/bin/../lib/gcc/arm-none-eabi/9.3.1/../../../../arm-none-eabi/lib/thumb/v7e-m+fp/hard\libc_nano.a(lib_a-mlock.o)
                0x0000000008005ca4                __malloc_lock
 .text.__malloc_unlock
                0x0000000008005cb0        0xc c:/st/stm32cubeide_1.6.1/stm32cubeide/plugins/com.st.stm32cube.ide.mcu.externaltools.gnu-tools-for-stm32.9-2020-q2-update.win32_1.5.0.202011040924/tools/bin/../lib/gcc/arm-none-eabi/9.3.1/../../../../arm-none-eabi/lib/thumb/v7e-m+fp/hard\libc_nano.a(lib_a-mlock.o)
                0x0000000008005cb0                __malloc_unlock
 .text._malloc_usable_size_r
                0x0000000008005cbc       0x10 c:/st/stm32cubeide_1.6.1/stm32cubeide/plugins/com.st.stm32cube.ide.mcu.externaltools.gnu-tools-for-stm32.9-2020-q2-update.win32_1.5.0.202011040924/tools/bin/../lib/gcc/arm-none-eabi/9.3.1/../../../../arm-none-eabi/lib/thumb/v7e-m+fp/hard\libc_nano.a(lib_a-nano-msizer.o)
                0x0000000008005cbc                _malloc_usable_size_r
 .text.__retarget_lock_acquire_recursive
                0x0000000008005ccc        0x2 c:/st/stm32cubeide_1.6.1/stm32cubeide/plugins/com.st.stm32cube.ide.mcu.externaltools.gnu-tools-for-stm32.9-2020-q2-update.win32_1.5.0.202011040924/tools/bin/../lib/gcc/arm-none-eabi/9.3.1/../../../../arm-none-eabi/lib/thumb/v7e-m+fp/hard\libc_nano.a(lib_a-lock.o)
                0x0000000008005ccc                __retarget_lock_acquire_recursive
 .text.__retarget_lock_release_recursive
                0x0000000008005cce        0x2 c:/st/stm32cubeide_1.6.1/stm32cubeide/plugins/com.st.stm32cube.ide.mcu.externaltools.gnu-tools-for-stm32.9-2020-q2-update.win32_1.5.0.202011040924/tools/bin/../lib/gcc/arm-none-eabi/9.3.1/../../../../arm-none-eabi/lib/thumb/v7e-m+fp/hard\libc_nano.a(lib_a-lock.o)
                0x0000000008005cce                __retarget_lock_release_recursive
 .text._sbrk    0x0000000008005cd0       0x1c c:/st/stm32cubeide_1.6.1/stm32cubeide/plugins/com.st.stm32cube.ide.mcu.externaltools.gnu-tools-for-stm32.9-2020-q2-update.win32_1.5.0.202011040924/tools/bin/../lib/gcc/arm-none-eabi/9.3.1/../../../../arm-none-eabi/lib/thumb/v7e-m+fp/hard\libnosys.a(sbrk.o)
                0x0000000008005cd0                _sbrk
 *(.glue_7)
 .glue_7        0x0000000008005cec        0x0 linker stubs
 *(.glue_7t)
 .glue_7t       0x0000000008005cec        0x0 linker stubs
 *(.eh_frame)
 .eh_frame      0x0000000008005cec        0x0 c:/st/stm32cubeide_1.6.1/stm32cubeide/plugins/com.st.stm32cube.ide.mcu.externaltools.gnu-tools-for-stm32.9-2020-q2-update.win32_1.5.0.202011040924/tools/bin/../lib/gcc/arm-none-eabi/9.3.1/thumb/v7e-m+fp/hard/crtbegin.o
 *(.init)
 .init          0x0000000008005cec        0x4 c:/st/stm32cubeide_1.6.1/stm32cubeide/plugins/com.st.stm32cube.ide.mcu.externaltools.gnu-tools-for-stm32.9-2020-q2-update.win32_1.5.0.202011040924/tools/bin/../lib/gcc/arm-none-eabi/9.3.1/thumb/v7e-m+fp/hard/crti.o
                0x0000000008005cec                _init
 .init          0x0000000008005cf0        0x8 c:/st/stm32cubeide_1.6.1/stm32cubeide/plugins/com.st.stm32cube.ide.mcu.externaltools.gnu-tools-for-stm32.9-2020-q2-update.win32_1.5.0.202011040924/tools/bin/../lib/gcc/arm-none-eabi/9.3.1/thumb/v7e-m+fp/hard/crtn.o
 *(.fini)
 .fini          0x0000000008005cf8        0x4 c:/st/stm32cubeide_1.6.1/stm32cubeide/plugins/com.st.stm32cube.ide.mcu.externaltools.gnu-tools-for-stm32.9-2020-q2-update.win32_1.5.0.202011040924/tools/bin/../lib/gcc/arm-none-eabi/9.3.1/thumb/v7e-m+fp/hard/crti.o
                0x0000000008005cf8                _fini
 .fini          0x0000000008005cfc        0x8 c:/st/stm32cubeide_1.6.1/stm32cubeide/plugins/com.st.stm32cube.ide.mcu.externaltools.gnu-tools-for-stm32.9-2020-q2-update.win32_1.5.0.202011040924/tools/bin/../lib/gcc/arm-none-eabi/9.3.1/thumb/v7e-m+fp/hard/crtn.o
                0x0000000008005d04                . = ALIGN (0x4)
                0x0000000008005d04                _etext = .

.vfp11_veneer   0x0000000008005d04        0x0
 .vfp11_veneer  0x0000000008005d04        0x0 linker stubs

.v4_bx          0x0000000008005d04        0x0
 .v4_bx         0x0000000008005d04        0x0 linker stubs

.iplt           0x0000000008005d04        0x0
 .iplt          0x0000000008005d04        0x0 c:/st/stm32cubeide_1.6.1/stm32cubeide/plugins/com.st.stm32cube.ide.mcu.externaltools.gnu-tools-for-stm32.9-2020-q2-update.win32_1.5.0.202011040924/tools/bin/../lib/gcc/arm-none-eabi/9.3.1/thumb/v7e-m+fp/hard/crtbegin.o

.rodata         0x0000000008005d04      0x18c
                0x0000000008005d04                . = ALIGN (0x4)
 *(.rodata)
 .rodata        0x0000000008005d04       0x51 Core/Src/main.o
 *fill*         0x0000000008005d55        0x3 
 .rodata        0x0000000008005d58        0x5 ThirdParty/FreeRTOS/tasks.o
 *fill*         0x0000000008005d5d        0x3 
 .rodata        0x0000000008005d60       0x45 ThirdParty/SEGGER/Config/SEGGER_SYSVIEW_Config_FreeRTOS.o
 *fill*         0x0000000008005da5        0x3 
 .rodata        0x0000000008005da8       0x58 ThirdParty/SEGGER/OS/SEGGER_SYSVIEW_FreeRTOS.o
 .rodata        0x0000000008005e00       0x17 ThirdParty/SEGGER/SEGGER/SEGGER_RTT.o
 *fill*         0x0000000008005e17        0x1 
 .rodata        0x0000000008005e18        0x8 ThirdParty/SEGGER/SEGGER/SEGGER_SYSVIEW.o
 *(.rodata*)
 .rodata.AHBPrescTable
                0x0000000008005e20       0x10 Core/Src/system_stm32f4xx.o
                0x0000000008005e20                AHBPrescTable
 .rodata.APBPrescTable
                0x0000000008005e30        0x8 Core/Src/system_stm32f4xx.o
                0x0000000008005e30                APBPrescTable
 .rodata.SYSVIEW_X_OS_TraceAPI
                0x0000000008005e38        0x8 ThirdParty/SEGGER/OS/SEGGER_SYSVIEW_FreeRTOS.o
                0x0000000008005e38                SYSVIEW_X_OS_TraceAPI
 .rodata._abSync
                0x0000000008005e40        0xa ThirdParty/SEGGER/SEGGER/SEGGER_SYSVIEW.o
 *fill*         0x0000000008005e4a        0x2 
 .rodata._aV2C.7072
                0x0000000008005e4c       0x10 ThirdParty/SEGGER/SEGGER/SEGGER_SYSVIEW.o
 .rodata._svfprintf_r.str1.1
                0x0000000008005e5c       0x11 c:/st/stm32cubeide_1.6.1/stm32cubeide/plugins/com.st.stm32cube.ide.mcu.externaltools.gnu-tools-for-stm32.9-2020-q2-update.win32_1.5.0.202011040924/tools/bin/../lib/gcc/arm-none-eabi/9.3.1/../../../../arm-none-eabi/lib/thumb/v7e-m+fp/hard\libc_nano.a(lib_a-nano-svfprintf.o)
 .rodata._printf_i.str1.1
                0x0000000008005e6d       0x22 c:/st/stm32cubeide_1.6.1/stm32cubeide/plugins/com.st.stm32cube.ide.mcu.externaltools.gnu-tools-for-stm32.9-2020-q2-update.win32_1.5.0.202011040924/tools/bin/../lib/gcc/arm-none-eabi/9.3.1/../../../../arm-none-eabi/lib/thumb/v7e-m+fp/hard\libc_nano.a(lib_a-nano-vfprintf_i.o)
                0x0000000008005e90                . = ALIGN (0x4)
 *fill*         0x0000000008005e8f        0x1 

.ARM.extab      0x0000000008005e90        0x0
                0x0000000008005e90                . = ALIGN (0x4)
 *(.ARM.extab* .gnu.linkonce.armextab.*)
                0x0000000008005e90                . = ALIGN (0x4)

.ARM            0x0000000008005e90        0x8
                0x0000000008005e90                . = ALIGN (0x4)
                0x0000000008005e90                __exidx_start = .
 *(.ARM.exidx*)
 .ARM.exidx     0x0000000008005e90        0x8 c:/st/stm32cubeide_1.6.1/stm32cubeide/plugins/com.st.stm32cube.ide.mcu.externaltools.gnu-tools-for-stm32.9-2020-q2-update.win32_1.5.0.202011040924/tools/bin/../lib/gcc/arm-none-eabi/9.3.1/thumb/v7e-m+fp/hard\libgcc.a(_udivmoddi4.o)
                0x0000000008005e98                __exidx_end = .
                0x0000000008005e98                . = ALIGN (0x4)

.rel.dyn        0x0000000008005e98        0x0
 .rel.iplt      0x0000000008005e98        0x0 c:/st/stm32cubeide_1.6.1/stm32cubeide/plugins/com.st.stm32cube.ide.mcu.externaltools.gnu-tools-for-stm32.9-2020-q2-update.win32_1.5.0.202011040924/tools/bin/../lib/gcc/arm-none-eabi/9.3.1/thumb/v7e-m+fp/hard/crtbegin.o

.preinit_array  0x0000000008005e98        0x0
                0x0000000008005e98                . = ALIGN (0x4)
                0x0000000008005e98                PROVIDE (__preinit_array_start = .)
 *(.preinit_array*)
                0x0000000008005e98                PROVIDE (__preinit_array_end = .)
                0x0000000008005e98                . = ALIGN (0x4)

.init_array     0x0000000008005e98        0x4
                0x0000000008005e98                . = ALIGN (0x4)
                0x0000000008005e98                PROVIDE (__init_array_start = .)
 *(SORT_BY_NAME(.init_array.*))
 *(.init_array*)
 .init_array    0x0000000008005e98        0x4 c:/st/stm32cubeide_1.6.1/stm32cubeide/plugins/com.st.stm32cube.ide.mcu.externaltools.gnu-tools-for-stm32.9-2020-q2-update.win32_1.5.0.202011040924/tools/bin/../lib/gcc/arm-none-eabi/9.3.1/thumb/v7e-m+fp/hard/crtbegin.o
                0x0000000008005e9c                PROVIDE (__init_array_end = .)
                0x0000000008005e9c                . = ALIGN (0x4)

.fini_array     0x0000000008005e9c        0x4
                0x0000000008005e9c                . = ALIGN (0x4)
                [!provide]                        PROVIDE (__fini_array_start = .)
 *(SORT_BY_NAME(.fini_array.*))
 *(.fini_array*)
 .fini_array    0x0000000008005e9c        0x4 c:/st/stm32cubeide_1.6.1/stm32cubeide/plugins/com.st.stm32cube.ide.mcu.externaltools.gnu-tools-for-stm32.9-2020-q2-update.win32_1.5.0.202011040924/tools/bin/../lib/gcc/arm-none-eabi/9.3.1/thumb/v7e-m+fp/hard/crtbegin.o
                [!provide]                        PROVIDE (__fini_array_end = .)
                0x0000000008005ea0                . = ALIGN (0x4)
                0x0000000008005ea0                _sidata = LOADADDR (.data)

.data           0x0000000020000000       0x78 load address 0x0000000008005ea0
                0x0000000020000000                . = ALIGN (0x4)
                0x0000000020000000                _sdata = .
 *(.data)
 *(.data*)
 .data.SystemCoreClock
                0x0000000020000000        0x4 Core/Src/system_stm32f4xx.o
                0x0000000020000000                SystemCoreClock
 .data.uwTickPrio
                0x0000000020000004        0x4 Drivers/STM32F4xx_HAL_Driver/Src/stm32f4xx_hal.o
                0x0000000020000004                uwTickPrio
 .data.uwTickFreq
                0x0000000020000008        0x1 Drivers/STM32F4xx_HAL_Driver/Src/stm32f4xx_hal.o
                0x0000000020000008                uwTickFreq
 *fill*         0x0000000020000009        0x3 
 .data.uxTopUsedPriority
                0x000000002000000c        0x4 ThirdParty/FreeRTOS/tasks.o
                0x000000002000000c                uxTopUsedPriority
 .data.uxCriticalNesting
                0x0000000020000010        0x4 ThirdParty/FreeRTOS/portable/GCC/ARM_CM4F/port.o
 .data._impure_ptr
                0x0000000020000014        0x4 c:/st/stm32cubeide_1.6.1/stm32cubeide/plugins/com.st.stm32cube.ide.mcu.externaltools.gnu-tools-for-stm32.9-2020-q2-update.win32_1.5.0.202011040924/tools/bin/../lib/gcc/arm-none-eabi/9.3.1/../../../../arm-none-eabi/lib/thumb/v7e-m+fp/hard\libc_nano.a(lib_a-impure.o)
                0x0000000020000014                _impure_ptr
 .data.impure_data
                0x0000000020000018       0x60 c:/st/stm32cubeide_1.6.1/stm32cubeide/plugins/com.st.stm32cube.ide.mcu.externaltools.gnu-tools-for-stm32.9-2020-q2-update.win32_1.5.0.202011040924/tools/bin/../lib/gcc/arm-none-eabi/9.3.1/../../../../arm-none-eabi/lib/thumb/v7e-m+fp/hard\libc_nano.a(lib_a-impure.o)
 *(.RamFunc)
 *(.RamFunc*)
                0x0000000020000078                . = ALIGN (0x4)
                0x0000000020000078                _edata = .

.igot.plt       0x0000000020000078        0x0 load address 0x0000000008005f18
 .igot.plt      0x0000000020000078        0x0 c:/st/stm32cubeide_1.6.1/stm32cubeide/plugins/com.st.stm32cube.ide.mcu.externaltools.gnu-tools-for-stm32.9-2020-q2-update.win32_1.5.0.202011040924/tools/bin/../lib/gcc/arm-none-eabi/9.3.1/thumb/v7e-m+fp/hard/crtbegin.o
                0x0000000020000078                . = ALIGN (0x4)

.bss            0x0000000020000078    0x14428 load address 0x0000000008005f18
                0x0000000020000078                _sbss = .
                0x0000000020000078                __bss_start__ = _sbss
 *(.bss)
 .bss           0x0000000020000078       0x1c c:/st/stm32cubeide_1.6.1/stm32cubeide/plugins/com.st.stm32cube.ide.mcu.externaltools.gnu-tools-for-stm32.9-2020-q2-update.win32_1.5.0.202011040924/tools/bin/../lib/gcc/arm-none-eabi/9.3.1/thumb/v7e-m+fp/hard/crtbegin.o
 *(.bss*)
 .bss.pxCurrentTCB
                0x0000000020000094        0x4 ThirdParty/FreeRTOS/tasks.o
                0x0000000020000094                pxCurrentTCB
 .bss.pxReadyTasksLists
                0x0000000020000098       0x64 ThirdParty/FreeRTOS/tasks.o
 .bss.xDelayedTaskList1
                0x00000000200000fc       0x14 ThirdParty/FreeRTOS/tasks.o
 .bss.xDelayedTaskList2
                0x0000000020000110       0x14 ThirdParty/FreeRTOS/tasks.o
 .bss.pxDelayedTaskList
                0x0000000020000124        0x4 ThirdParty/FreeRTOS/tasks.o
 .bss.pxOverflowDelayedTaskList
                0x0000000020000128        0x4 ThirdParty/FreeRTOS/tasks.o
 .bss.xPendingReadyList
                0x000000002000012c       0x14 ThirdParty/FreeRTOS/tasks.o
 .bss.xTasksWaitingTermination
                0x0000000020000140       0x14 ThirdParty/FreeRTOS/tasks.o
 .bss.uxDeletedTasksWaitingCleanUp
                0x0000000020000154        0x4 ThirdParty/FreeRTOS/tasks.o
 .bss.xSuspendedTaskList
                0x0000000020000158       0x14 ThirdParty/FreeRTOS/tasks.o
 .bss.uxCurrentNumberOfTasks
                0x000000002000016c        0x4 ThirdParty/FreeRTOS/tasks.o
 .bss.xTickCount
                0x0000000020000170        0x4 ThirdParty/FreeRTOS/tasks.o
 .bss.uxTopReadyPriority
                0x0000000020000174        0x4 ThirdParty/FreeRTOS/tasks.o
 .bss.xSchedulerRunning
                0x0000000020000178        0x4 ThirdParty/FreeRTOS/tasks.o
 .bss.xPendedTicks
                0x000000002000017c        0x4 ThirdParty/FreeRTOS/tasks.o
 .bss.xYieldPending
                0x0000000020000180        0x4 ThirdParty/FreeRTOS/tasks.o
 .bss.xNumOfOverflows
                0x0000000020000184        0x4 ThirdParty/FreeRTOS/tasks.o
 .bss.uxTaskNumber
                0x0000000020000188        0x4 ThirdParty/FreeRTOS/tasks.o
 .bss.xNextTaskUnblockTime
                0x000000002000018c        0x4 ThirdParty/FreeRTOS/tasks.o
 .bss.xIdleTaskHandle
                0x0000000020000190        0x4 ThirdParty/FreeRTOS/tasks.o
 .bss.uxSchedulerSuspended
                0x0000000020000194        0x4 ThirdParty/FreeRTOS/tasks.o
 .bss.ucMaxSysCallPriority
                0x0000000020000198        0x1 ThirdParty/FreeRTOS/portable/GCC/ARM_CM4F/port.o
 *fill*         0x0000000020000199        0x3 
 .bss.ulMaxPRIGROUPValue
                0x000000002000019c        0x4 ThirdParty/FreeRTOS/portable/GCC/ARM_CM4F/port.o
 .bss.ucHeap    0x00000000200001a0    0x12c00 ThirdParty/FreeRTOS/portable/MemMang/heap_4.o
 .bss.xStart    0x0000000020012da0        0x8 ThirdParty/FreeRTOS/portable/MemMang/heap_4.o
 .bss.pxEnd     0x0000000020012da8        0x4 ThirdParty/FreeRTOS/portable/MemMang/heap_4.o
 .bss.xFreeBytesRemaining
                0x0000000020012dac        0x4 ThirdParty/FreeRTOS/portable/MemMang/heap_4.o
 .bss.xMinimumEverFreeBytesRemaining
                0x0000000020012db0        0x4 ThirdParty/FreeRTOS/portable/MemMang/heap_4.o
 .bss.xNumberOfSuccessfulAllocations
                0x0000000020012db4        0x4 ThirdParty/FreeRTOS/portable/MemMang/heap_4.o
 .bss.xNumberOfSuccessfulFrees
                0x0000000020012db8        0x4 ThirdParty/FreeRTOS/portable/MemMang/heap_4.o
 .bss.xBlockAllocatedBit
                0x0000000020012dbc        0x4 ThirdParty/FreeRTOS/portable/MemMang/heap_4.o
 .bss._aTasks   0x0000000020012dc0       0xa0 ThirdParty/SEGGER/OS/SEGGER_SYSVIEW_FreeRTOS.o
 .bss._NumTasks
                0x0000000020012e60        0x4 ThirdParty/SEGGER/OS/SEGGER_SYSVIEW_FreeRTOS.o
 .bss._acUpBuffer
                0x0000000020012e64      0x400 ThirdParty/SEGGER/SEGGER/SEGGER_RTT.o
 .bss._acDownBuffer
                0x0000000020013264       0x10 ThirdParty/SEGGER/SEGGER/SEGGER_RTT.o
 .bss._UpBuffer
                0x0000000020013274     0x1000 ThirdParty/SEGGER/SEGGER/SEGGER_SYSVIEW.o
 .bss._DownBuffer
                0x0000000020014274        0x8 ThirdParty/SEGGER/SEGGER/SEGGER_SYSVIEW.o
 .bss._SYSVIEW_Globals
                0x000000002001427c       0x28 ThirdParty/SEGGER/SEGGER/SEGGER_SYSVIEW.o
 .bss._pFirstModule
                0x00000000200142a4        0x4 ThirdParty/SEGGER/SEGGER/SEGGER_SYSVIEW.o
 .bss._NumModules
                0x00000000200142a8        0x1 ThirdParty/SEGGER/SEGGER/SEGGER_SYSVIEW.o
 *fill*         0x00000000200142a9        0x3 
 .bss._aPacket  0x00000000200142ac       0xe3 ThirdParty/SEGGER/SEGGER/SEGGER_SYSVIEW.o
 *fill*         0x000000002001438f        0x1 
 .bss.__malloc_free_list
                0x0000000020014390        0x4 c:/st/stm32cubeide_1.6.1/stm32cubeide/plugins/com.st.stm32cube.ide.mcu.externaltools.gnu-tools-for-stm32.9-2020-q2-update.win32_1.5.0.202011040924/tools/bin/../lib/gcc/arm-none-eabi/9.3.1/../../../../arm-none-eabi/lib/thumb/v7e-m+fp/hard\libc_nano.a(lib_a-nano-mallocr.o)
                0x0000000020014390                __malloc_free_list
 .bss.__malloc_sbrk_start
                0x0000000020014394        0x4 c:/st/stm32cubeide_1.6.1/stm32cubeide/plugins/com.st.stm32cube.ide.mcu.externaltools.gnu-tools-for-stm32.9-2020-q2-update.win32_1.5.0.202011040924/tools/bin/../lib/gcc/arm-none-eabi/9.3.1/../../../../arm-none-eabi/lib/thumb/v7e-m+fp/hard\libc_nano.a(lib_a-nano-mallocr.o)
                0x0000000020014394                __malloc_sbrk_start
 .bss.heap_end.5507
                0x0000000020014398        0x4 c:/st/stm32cubeide_1.6.1/stm32cubeide/plugins/com.st.stm32cube.ide.mcu.externaltools.gnu-tools-for-stm32.9-2020-q2-update.win32_1.5.0.202011040924/tools/bin/../lib/gcc/arm-none-eabi/9.3.1/../../../../arm-none-eabi/lib/thumb/v7e-m+fp/hard\libnosys.a(sbrk.o)
 *(COMMON)
 COMMON         0x000000002001439c       0x48 Core/Src/stm32f4xx_hal_timebase_tim.o
                0x000000002001439c                htim6
 COMMON         0x00000000200143e4        0x4 Drivers/STM32F4xx_HAL_Driver/Src/stm32f4xx_hal.o
                0x00000000200143e4                uwTick
 COMMON         0x00000000200143e8       0xa8 ThirdParty/SEGGER/SEGGER/SEGGER_RTT.o
                0x00000000200143e8                _SEGGER_RTT
 COMMON         0x0000000020014490        0x4 c:/st/stm32cubeide_1.6.1/stm32cubeide/plugins/com.st.stm32cube.ide.mcu.externaltools.gnu-tools-for-stm32.9-2020-q2-update.win32_1.5.0.202011040924/tools/bin/../lib/gcc/arm-none-eabi/9.3.1/../../../../arm-none-eabi/lib/thumb/v7e-m+fp/hard\libc_nano.a(lib_a-reent.o)
                0x0000000020014490                errno
 COMMON         0x0000000020014494        0x9 c:/st/stm32cubeide_1.6.1/stm32cubeide/plugins/com.st.stm32cube.ide.mcu.externaltools.gnu-tools-for-stm32.9-2020-q2-update.win32_1.5.0.202011040924/tools/bin/../lib/gcc/arm-none-eabi/9.3.1/../../../../arm-none-eabi/lib/thumb/v7e-m+fp/hard\libc_nano.a(lib_a-lock.o)
                0x0000000020014494                __lock___atexit_recursive_mutex
                0x0000000020014495                __lock___arc4random_mutex
                0x0000000020014496                __lock___env_recursive_mutex
                0x0000000020014497                __lock___sinit_recursive_mutex
                0x0000000020014498                __lock___malloc_recursive_mutex
                0x0000000020014499                __lock___at_quick_exit_mutex
                0x000000002001449a                __lock___dd_hash_mutex
                0x000000002001449b                __lock___tz_mutex
                0x000000002001449c                __lock___sfp_recursive_mutex
                0x00000000200144a0                . = ALIGN (0x4)
 *fill*         0x000000002001449d        0x3 
                0x00000000200144a0                _ebss = .
                0x00000000200144a0                __bss_end__ = _ebss

._user_heap_stack
                0x00000000200144a0      0x600 load address 0x0000000008005f18
                0x00000000200144a0                . = ALIGN (0x8)
                0x00000000200144a0                PROVIDE (end = .)
                [!provide]                        PROVIDE (_end = .)
                0x00000000200146a0                . = (. + _Min_Heap_Size)
 *fill*         0x00000000200144a0      0x200 
                0x0000000020014aa0                . = (. + _Min_Stack_Size)
 *fill*         0x00000000200146a0      0x400 
                0x0000000020014aa0                . = ALIGN (0x8)

/DISCARD/
 libc.a(*)
 libm.a(*)
 libgcc.a(*)

.ARM.attributes
                0x0000000000000000       0x30
 *(.ARM.attributes)
 .ARM.attributes
                0x0000000000000000       0x1e c:/st/stm32cubeide_1.6.1/stm32cubeide/plugins/com.st.stm32cube.ide.mcu.externaltools.gnu-tools-for-stm32.9-2020-q2-update.win32_1.5.0.202011040924/tools/bin/../lib/gcc/arm-none-eabi/9.3.1/thumb/v7e-m+fp/hard/crti.o
 .ARM.attributes
                0x000000000000001e       0x34 c:/st/stm32cubeide_1.6.1/stm32cubeide/plugins/com.st.stm32cube.ide.mcu.externaltools.gnu-tools-for-stm32.9-2020-q2-update.win32_1.5.0.202011040924/tools/bin/../lib/gcc/arm-none-eabi/9.3.1/thumb/v7e-m+fp/hard/crtbegin.o
 .ARM.attributes
                0x0000000000000052       0x34 Core/Src/main.o
 .ARM.attributes
                0x0000000000000086       0x34 Core/Src/stm32f4xx_hal_msp.o
 .ARM.attributes
                0x00000000000000ba       0x34 Core/Src/stm32f4xx_hal_timebase_tim.o
 .ARM.attributes
                0x00000000000000ee       0x34 Core/Src/stm32f4xx_it.o
 .ARM.attributes
                0x0000000000000122       0x34 Core/Src/system_stm32f4xx.o
 .ARM.attributes
                0x0000000000000156       0x21 Core/Startup/startup_stm32f446retx.o
 .ARM.attributes
                0x0000000000000177       0x34 Drivers/STM32F4xx_HAL_Driver/Src/stm32f4xx_hal.o
 .ARM.attributes
                0x00000000000001ab       0x34 Drivers/STM32F4xx_HAL_Driver/Src/stm32f4xx_hal_cortex.o
 .ARM.attributes
                0x00000000000001df       0x34 Drivers/STM32F4xx_HAL_Driver/Src/stm32f4xx_hal_gpio.o
 .ARM.attributes
                0x0000000000000213       0x34 Drivers/STM32F4xx_HAL_Driver/Src/stm32f4xx_hal_rcc.o
 .ARM.attributes
                0x0000000000000247       0x34 Drivers/STM32F4xx_HAL_Driver/Src/stm32f4xx_hal_rcc_ex.o
 .ARM.attributes
                0x000000000000027b       0x34 Drivers/STM32F4xx_HAL_Driver/Src/stm32f4xx_hal_tim.o
 .ARM.attributes
                0x00000000000002af       0x34 Drivers/STM32F4xx_HAL_Driver/Src/stm32f4xx_hal_tim_ex.o
 .ARM.attributes
                0x00000000000002e3       0x34 ThirdParty/FreeRTOS/list.o
 .ARM.attributes
                0x0000000000000317       0x34 ThirdParty/FreeRTOS/tasks.o
 .ARM.attributes
                0x000000000000034b       0x34 ThirdParty/FreeRTOS/portable/GCC/ARM_CM4F/port.o
 .ARM.attributes
                0x000000000000037f       0x34 ThirdParty/FreeRTOS/portable/MemMang/heap_4.o
 .ARM.attributes
                0x00000000000003b3       0x34 ThirdParty/SEGGER/Config/SEGGER_SYSVIEW_Config_FreeRTOS.o
 .ARM.attributes
                0x00000000000003e7       0x34 ThirdParty/SEGGER/OS/SEGGER_SYSVIEW_FreeRTOS.o
 .ARM.attributes
                0x000000000000041b       0x34 ThirdParty/SEGGER/SEGGER/SEGGER_RTT.o
 .ARM.attributes
                0x000000000000044f       0x20 ThirdParty/SEGGER/SEGGER/SEGGER_RTT_ASM_ARMv7M.o
 .ARM.attributes
                0x000000000000046f       0x34 ThirdParty/SEGGER/SEGGER/SEGGER_SYSVIEW.o
 .ARM.attributes
                0x00000000000004a3       0x32 c:/st/stm32cubeide_1.6.1/stm32cubeide/plugins/com.st.stm32cube.ide.mcu.externaltools.gnu-tools-for-stm32.9-2020-q2-update.win32_1.5.0.202011040924/tools/bin/../lib/gcc/arm-none-eabi/9.3.1/../../../../arm-none-eabi/lib/thumb/v7e-m+fp/hard\libc_nano.a(lib_a-impure.o)
 .ARM.attributes
                0x00000000000004d5       0x34 c:/st/stm32cubeide_1.6.1/stm32cubeide/plugins/com.st.stm32cube.ide.mcu.externaltools.gnu-tools-for-stm32.9-2020-q2-update.win32_1.5.0.202011040924/tools/bin/../lib/gcc/arm-none-eabi/9.3.1/../../../../arm-none-eabi/lib/thumb/v7e-m+fp/hard\libc_nano.a(lib_a-init.o)
 .ARM.attributes
                0x0000000000000509       0x34 c:/st/stm32cubeide_1.6.1/stm32cubeide/plugins/com.st.stm32cube.ide.mcu.externaltools.gnu-tools-for-stm32.9-2020-q2-update.win32_1.5.0.202011040924/tools/bin/../lib/gcc/arm-none-eabi/9.3.1/../../../../arm-none-eabi/lib/thumb/v7e-m+fp/hard\libc_nano.a(lib_a-memcmp.o)
 .ARM.attributes
                0x000000000000053d       0x34 c:/st/stm32cubeide_1.6.1/stm32cubeide/plugins/com.st.stm32cube.ide.mcu.externaltools.gnu-tools-for-stm32.9-2020-q2-update.win32_1.5.0.202011040924/tools/bin/../lib/gcc/arm-none-eabi/9.3.1/../../../../arm-none-eabi/lib/thumb/v7e-m+fp/hard\libc_nano.a(lib_a-memcpy-stub.o)
 .ARM.attributes
                0x0000000000000571       0x34 c:/st/stm32cubeide_1.6.1/stm32cubeide/plugins/com.st.stm32cube.ide.mcu.externaltools.gnu-tools-for-stm32.9-2020-q2-update.win32_1.5.0.202011040924/tools/bin/../lib/gcc/arm-none-eabi/9.3.1/../../../../arm-none-eabi/lib/thumb/v7e-m+fp/hard\libc_nano.a(lib_a-memset.o)
 .ARM.attributes
                0x00000000000005a5       0x34 c:/st/stm32cubeide_1.6.1/stm32cubeide/plugins/com.st.stm32cube.ide.mcu.externaltools.gnu-tools-for-stm32.9-2020-q2-update.win32_1.5.0.202011040924/tools/bin/../lib/gcc/arm-none-eabi/9.3.1/../../../../arm-none-eabi/lib/thumb/v7e-m+fp/hard\libc_nano.a(lib_a-snprintf.o)
 .ARM.attributes
                0x00000000000005d9       0x34 c:/st/stm32cubeide_1.6.1/stm32cubeide/plugins/com.st.stm32cube.ide.mcu.externaltools.gnu-tools-for-stm32.9-2020-q2-update.win32_1.5.0.202011040924/tools/bin/../lib/gcc/arm-none-eabi/9.3.1/../../../../arm-none-eabi/lib/thumb/v7e-m+fp/hard\libc_nano.a(lib_a-nano-svfprintf.o)
 .ARM.attributes
                0x000000000000060d       0x34 c:/st/stm32cubeide_1.6.1/stm32cubeide/plugins/com.st.stm32cube.ide.mcu.externaltools.gnu-tools-for-stm32.9-2020-q2-update.win32_1.5.0.202011040924/tools/bin/../lib/gcc/arm-none-eabi/9.3.1/../../../../arm-none-eabi/lib/thumb/v7e-m+fp/hard\libc_nano.a(lib_a-nano-vfprintf_i.o)
 .ARM.attributes
                0x0000000000000641       0x1c c:/st/stm32cubeide_1.6.1/stm32cubeide/plugins/com.st.stm32cube.ide.mcu.externaltools.gnu-tools-for-stm32.9-2020-q2-update.win32_1.5.0.202011040924/tools/bin/../lib/gcc/arm-none-eabi/9.3.1/../../../../arm-none-eabi/lib/thumb/v7e-m+fp/hard\libc_nano.a(lib_a-memchr.o)
 .ARM.attributes
                0x000000000000065d       0x34 c:/st/stm32cubeide_1.6.1/stm32cubeide/plugins/com.st.stm32cube.ide.mcu.externaltools.gnu-tools-for-stm32.9-2020-q2-update.win32_1.5.0.202011040924/tools/bin/../lib/gcc/arm-none-eabi/9.3.1/../../../../arm-none-eabi/lib/thumb/v7e-m+fp/hard\libc_nano.a(lib_a-memmove.o)
 .ARM.attributes
                0x0000000000000691       0x34 c:/st/stm32cubeide_1.6.1/stm32cubeide/plugins/com.st.stm32cube.ide.mcu.externaltools.gnu-tools-for-stm32.9-2020-q2-update.win32_1.5.0.202011040924/tools/bin/../lib/gcc/arm-none-eabi/9.3.1/../../../../arm-none-eabi/lib/thumb/v7e-m+fp/hard\libc_nano.a(lib_a-nano-freer.o)
 .ARM.attributes
                0x00000000000006c5       0x34 c:/st/stm32cubeide_1.6.1/stm32cubeide/plugins/com.st.stm32cube.ide.mcu.externaltools.gnu-tools-for-stm32.9-2020-q2-update.win32_1.5.0.202011040924/tools/bin/../lib/gcc/arm-none-eabi/9.3.1/../../../../arm-none-eabi/lib/thumb/v7e-m+fp/hard\libc_nano.a(lib_a-nano-mallocr.o)
 .ARM.attributes
                0x00000000000006f9       0x34 c:/st/stm32cubeide_1.6.1/stm32cubeide/plugins/com.st.stm32cube.ide.mcu.externaltools.gnu-tools-for-stm32.9-2020-q2-update.win32_1.5.0.202011040924/tools/bin/../lib/gcc/arm-none-eabi/9.3.1/../../../../arm-none-eabi/lib/thumb/v7e-m+fp/hard\libc_nano.a(lib_a-nano-reallocr.o)
 .ARM.attributes
                0x000000000000072d       0x34 c:/st/stm32cubeide_1.6.1/stm32cubeide/plugins/com.st.stm32cube.ide.mcu.externaltools.gnu-tools-for-stm32.9-2020-q2-update.win32_1.5.0.202011040924/tools/bin/../lib/gcc/arm-none-eabi/9.3.1/../../../../arm-none-eabi/lib/thumb/v7e-m+fp/hard\libc_nano.a(lib_a-sbrkr.o)
 .ARM.attributes
                0x0000000000000761       0x34 c:/st/stm32cubeide_1.6.1/stm32cubeide/plugins/com.st.stm32cube.ide.mcu.externaltools.gnu-tools-for-stm32.9-2020-q2-update.win32_1.5.0.202011040924/tools/bin/../lib/gcc/arm-none-eabi/9.3.1/../../../../arm-none-eabi/lib/thumb/v7e-m+fp/hard\libc_nano.a(lib_a-mlock.o)
 .ARM.attributes
                0x0000000000000795       0x34 c:/st/stm32cubeide_1.6.1/stm32cubeide/plugins/com.st.stm32cube.ide.mcu.externaltools.gnu-tools-for-stm32.9-2020-q2-update.win32_1.5.0.202011040924/tools/bin/../lib/gcc/arm-none-eabi/9.3.1/../../../../arm-none-eabi/lib/thumb/v7e-m+fp/hard\libc_nano.a(lib_a-nano-msizer.o)
 .ARM.attributes
                0x00000000000007c9       0x34 c:/st/stm32cubeide_1.6.1/stm32cubeide/plugins/com.st.stm32cube.ide.mcu.externaltools.gnu-tools-for-stm32.9-2020-q2-update.win32_1.5.0.202011040924/tools/bin/../lib/gcc/arm-none-eabi/9.3.1/../../../../arm-none-eabi/lib/thumb/v7e-m+fp/hard\libc_nano.a(lib_a-reent.o)
 .ARM.attributes
                0x00000000000007fd       0x34 c:/st/stm32cubeide_1.6.1/stm32cubeide/plugins/com.st.stm32cube.ide.mcu.externaltools.gnu-tools-for-stm32.9-2020-q2-update.win32_1.5.0.202011040924/tools/bin/../lib/gcc/arm-none-eabi/9.3.1/../../../../arm-none-eabi/lib/thumb/v7e-m+fp/hard\libc_nano.a(lib_a-lock.o)
 .ARM.attributes
                0x0000000000000831       0x1e c:/st/stm32cubeide_1.6.1/stm32cubeide/plugins/com.st.stm32cube.ide.mcu.externaltools.gnu-tools-for-stm32.9-2020-q2-update.win32_1.5.0.202011040924/tools/bin/../lib/gcc/arm-none-eabi/9.3.1/thumb/v7e-m+fp/hard\libgcc.a(_aeabi_uldivmod.o)
 .ARM.attributes
                0x000000000000084f       0x34 c:/st/stm32cubeide_1.6.1/stm32cubeide/plugins/com.st.stm32cube.ide.mcu.externaltools.gnu-tools-for-stm32.9-2020-q2-update.win32_1.5.0.202011040924/tools/bin/../lib/gcc/arm-none-eabi/9.3.1/thumb/v7e-m+fp/hard\libgcc.a(_udivmoddi4.o)
 .ARM.attributes
                0x0000000000000883       0x1e c:/st/stm32cubeide_1.6.1/stm32cubeide/plugins/com.st.stm32cube.ide.mcu.externaltools.gnu-tools-for-stm32.9-2020-q2-update.win32_1.5.0.202011040924/tools/bin/../lib/gcc/arm-none-eabi/9.3.1/thumb/v7e-m+fp/hard\libgcc.a(_dvmd_tls.o)
 .ARM.attributes
                0x00000000000008a1       0x34 c:/st/stm32cubeide_1.6.1/stm32cubeide/plugins/com.st.stm32cube.ide.mcu.externaltools.gnu-tools-for-stm32.9-2020-q2-update.win32_1.5.0.202011040924/tools/bin/../lib/gcc/arm-none-eabi/9.3.1/../../../../arm-none-eabi/lib/thumb/v7e-m+fp/hard\libnosys.a(sbrk.o)
 .ARM.attributes
                0x00000000000008d5       0x1e c:/st/stm32cubeide_1.6.1/stm32cubeide/plugins/com.st.stm32cube.ide.mcu.externaltools.gnu-tools-for-stm32.9-2020-q2-update.win32_1.5.0.202011040924/tools/bin/../lib/gcc/arm-none-eabi/9.3.1/thumb/v7e-m+fp/hard/crtn.o
OUTPUT(01TRTOS.elf elf32-littlearm)
LOAD linker stubs
LOAD c:/st/stm32cubeide_1.6.1/stm32cubeide/plugins/com.st.stm32cube.ide.mcu.externaltools.gnu-tools-for-stm32.9-2020-q2-update.win32_1.5.0.202011040924/tools/bin/../lib/gcc/arm-none-eabi/9.3.1/../../../../arm-none-eabi/lib/thumb/v7e-m+fp/hard\libc.a
LOAD c:/st/stm32cubeide_1.6.1/stm32cubeide/plugins/com.st.stm32cube.ide.mcu.externaltools.gnu-tools-for-stm32.9-2020-q2-update.win32_1.5.0.202011040924/tools/bin/../lib/gcc/arm-none-eabi/9.3.1/../../../../arm-none-eabi/lib/thumb/v7e-m+fp/hard\libm.a
LOAD c:/st/stm32cubeide_1.6.1/stm32cubeide/plugins/com.st.stm32cube.ide.mcu.externaltools.gnu-tools-for-stm32.9-2020-q2-update.win32_1.5.0.202011040924/tools/bin/../lib/gcc/arm-none-eabi/9.3.1/thumb/v7e-m+fp/hard\libgcc.a

.debug_info     0x0000000000000000    0x164a8
 .debug_info    0x0000000000000000     0x175f Core/Src/main.o
 .debug_info    0x000000000000175f      0x3eb Core/Src/stm32f4xx_hal_msp.o
 .debug_info    0x0000000000001b4a      0xcc2 Core/Src/stm32f4xx_hal_timebase_tim.o
 .debug_info    0x000000000000280c      0x7cb Core/Src/stm32f4xx_it.o
 .debug_info    0x0000000000002fd7      0x5dc Core/Src/system_stm32f4xx.o
 .debug_info    0x00000000000035b3       0x22 Core/Startup/startup_stm32f446retx.o
 .debug_info    0x00000000000035d5      0xa08 Drivers/STM32F4xx_HAL_Driver/Src/stm32f4xx_hal.o
 .debug_info    0x0000000000003fdd      0xef5 Drivers/STM32F4xx_HAL_Driver/Src/stm32f4xx_hal_cortex.o
 .debug_info    0x0000000000004ed2      0x892 Drivers/STM32F4xx_HAL_Driver/Src/stm32f4xx_hal_gpio.o
 .debug_info    0x0000000000005764      0x9db Drivers/STM32F4xx_HAL_Driver/Src/stm32f4xx_hal_rcc.o
 .debug_info    0x000000000000613f      0xa86 Drivers/STM32F4xx_HAL_Driver/Src/stm32f4xx_hal_rcc_ex.o
 .debug_info    0x0000000000006bc5     0x2c22 Drivers/STM32F4xx_HAL_Driver/Src/stm32f4xx_hal_tim.o
 .debug_info    0x00000000000097e7     0x15a2 Drivers/STM32F4xx_HAL_Driver/Src/stm32f4xx_hal_tim_ex.o
 .debug_info    0x000000000000ad89      0xb9a ThirdParty/FreeRTOS/list.o
 .debug_info    0x000000000000b923     0x2cd9 ThirdParty/FreeRTOS/tasks.o
 .debug_info    0x000000000000e5fc      0x5b1 ThirdParty/FreeRTOS/portable/GCC/ARM_CM4F/port.o
 .debug_info    0x000000000000ebad      0xda4 ThirdParty/FreeRTOS/portable/MemMang/heap_4.o
 .debug_info    0x000000000000f951      0x131 ThirdParty/SEGGER/Config/SEGGER_SYSVIEW_Config_FreeRTOS.o
 .debug_info    0x000000000000fa82      0xc58 ThirdParty/SEGGER/OS/SEGGER_SYSVIEW_FreeRTOS.o
 .debug_info    0x00000000000106da     0x1dc1 ThirdParty/SEGGER/SEGGER/SEGGER_RTT.o
 .debug_info    0x000000000001249b       0x26 ThirdParty/SEGGER/SEGGER/SEGGER_RTT_ASM_ARMv7M.o
 .debug_info    0x00000000000124c1     0x3fe7 ThirdParty/SEGGER/SEGGER/SEGGER_SYSVIEW.o

.debug_abbrev   0x0000000000000000     0x2cc3
 .debug_abbrev  0x0000000000000000      0x2e7 Core/Src/main.o
 .debug_abbrev  0x00000000000002e7      0x11d Core/Src/stm32f4xx_hal_msp.o
 .debug_abbrev  0x0000000000000404      0x1bf Core/Src/stm32f4xx_hal_timebase_tim.o
 .debug_abbrev  0x00000000000005c3      0x176 Core/Src/stm32f4xx_it.o
 .debug_abbrev  0x0000000000000739      0x145 Core/Src/system_stm32f4xx.o
 .debug_abbrev  0x000000000000087e       0x12 Core/Startup/startup_stm32f446retx.o
 .debug_abbrev  0x0000000000000890      0x1ed Drivers/STM32F4xx_HAL_Driver/Src/stm32f4xx_hal.o
 .debug_abbrev  0x0000000000000a7d      0x33c Drivers/STM32F4xx_HAL_Driver/Src/stm32f4xx_hal_cortex.o
 .debug_abbrev  0x0000000000000db9      0x1f1 Drivers/STM32F4xx_HAL_Driver/Src/stm32f4xx_hal_gpio.o
 .debug_abbrev  0x0000000000000faa      0x275 Drivers/STM32F4xx_HAL_Driver/Src/stm32f4xx_hal_rcc.o
 .debug_abbrev  0x000000000000121f      0x1e2 Drivers/STM32F4xx_HAL_Driver/Src/stm32f4xx_hal_rcc_ex.o
 .debug_abbrev  0x0000000000001401      0x25e Drivers/STM32F4xx_HAL_Driver/Src/stm32f4xx_hal_tim.o
 .debug_abbrev  0x000000000000165f      0x266 Drivers/STM32F4xx_HAL_Driver/Src/stm32f4xx_hal_tim_ex.o
 .debug_abbrev  0x00000000000018c5      0x1f7 ThirdParty/FreeRTOS/list.o
 .debug_abbrev  0x0000000000001abc      0x3a9 ThirdParty/FreeRTOS/tasks.o
 .debug_abbrev  0x0000000000001e65      0x231 ThirdParty/FreeRTOS/portable/GCC/ARM_CM4F/port.o
 .debug_abbrev  0x0000000000002096      0x2d3 ThirdParty/FreeRTOS/portable/MemMang/heap_4.o
 .debug_abbrev  0x0000000000002369       0xc1 ThirdParty/SEGGER/Config/SEGGER_SYSVIEW_Config_FreeRTOS.o
 .debug_abbrev  0x000000000000242a      0x219 ThirdParty/SEGGER/OS/SEGGER_SYSVIEW_FreeRTOS.o
 .debug_abbrev  0x0000000000002643      0x2e1 ThirdParty/SEGGER/SEGGER/SEGGER_RTT.o
 .debug_abbrev  0x0000000000002924       0x14 ThirdParty/SEGGER/SEGGER/SEGGER_RTT_ASM_ARMv7M.o
 .debug_abbrev  0x0000000000002938      0x38b ThirdParty/SEGGER/SEGGER/SEGGER_SYSVIEW.o

.debug_aranges  0x0000000000000000     0x1138
 .debug_aranges
                0x0000000000000000       0x50 Core/Src/main.o
 .debug_aranges
                0x0000000000000050       0x20 Core/Src/stm32f4xx_hal_msp.o
 .debug_aranges
                0x0000000000000070       0x30 Core/Src/stm32f4xx_hal_timebase_tim.o
 .debug_aranges
                0x00000000000000a0       0x50 Core/Src/stm32f4xx_it.o
 .debug_aranges
                0x00000000000000f0       0x28 Core/Src/system_stm32f4xx.o
 .debug_aranges
                0x0000000000000118       0x28 Core/Startup/startup_stm32f446retx.o
 .debug_aranges
                0x0000000000000140       0xf0 Drivers/STM32F4xx_HAL_Driver/Src/stm32f4xx_hal.o
 .debug_aranges
                0x0000000000000230      0x118 Drivers/STM32F4xx_HAL_Driver/Src/stm32f4xx_hal_cortex.o
 .debug_aranges
                0x0000000000000348       0x58 Drivers/STM32F4xx_HAL_Driver/Src/stm32f4xx_hal_gpio.o
 .debug_aranges
                0x00000000000003a0       0x88 Drivers/STM32F4xx_HAL_Driver/Src/stm32f4xx_hal_rcc.o
 .debug_aranges
                0x0000000000000428       0x78 Drivers/STM32F4xx_HAL_Driver/Src/stm32f4xx_hal_rcc_ex.o
 .debug_aranges
                0x00000000000004a0      0x3d0 Drivers/STM32F4xx_HAL_Driver/Src/stm32f4xx_hal_tim.o
 .debug_aranges
                0x0000000000000870      0x168 Drivers/STM32F4xx_HAL_Driver/Src/stm32f4xx_hal_tim_ex.o
 .debug_aranges
                0x00000000000009d8       0x40 ThirdParty/FreeRTOS/list.o
 .debug_aranges
                0x0000000000000a18      0x1f8 ThirdParty/FreeRTOS/tasks.o
 .debug_aranges
                0x0000000000000c10       0x88 ThirdParty/FreeRTOS/portable/GCC/ARM_CM4F/port.o
 .debug_aranges
                0x0000000000000c98       0x58 ThirdParty/FreeRTOS/portable/MemMang/heap_4.o
 .debug_aranges
                0x0000000000000cf0       0x28 ThirdParty/SEGGER/Config/SEGGER_SYSVIEW_Config_FreeRTOS.o
 .debug_aranges
                0x0000000000000d18       0x48 ThirdParty/SEGGER/OS/SEGGER_SYSVIEW_FreeRTOS.o
 .debug_aranges
                0x0000000000000d60      0x138 ThirdParty/SEGGER/SEGGER/SEGGER_RTT.o
 .debug_aranges
                0x0000000000000e98       0x20 ThirdParty/SEGGER/SEGGER/SEGGER_RTT_ASM_ARMv7M.o
 .debug_aranges
                0x0000000000000eb8      0x280 ThirdParty/SEGGER/SEGGER/SEGGER_SYSVIEW.o

.debug_ranges   0x0000000000000000      0xfd0
 .debug_ranges  0x0000000000000000       0x40 Core/Src/main.o
 .debug_ranges  0x0000000000000040       0x10 Core/Src/stm32f4xx_hal_msp.o
 .debug_ranges  0x0000000000000050       0x20 Core/Src/stm32f4xx_hal_timebase_tim.o
 .debug_ranges  0x0000000000000070       0x40 Core/Src/stm32f4xx_it.o
 .debug_ranges  0x00000000000000b0       0x18 Core/Src/system_stm32f4xx.o
 .debug_ranges  0x00000000000000c8       0x20 Core/Startup/startup_stm32f446retx.o
 .debug_ranges  0x00000000000000e8       0xe0 Drivers/STM32F4xx_HAL_Driver/Src/stm32f4xx_hal.o
 .debug_ranges  0x00000000000001c8      0x108 Drivers/STM32F4xx_HAL_Driver/Src/stm32f4xx_hal_cortex.o
 .debug_ranges  0x00000000000002d0       0x48 Drivers/STM32F4xx_HAL_Driver/Src/stm32f4xx_hal_gpio.o
 .debug_ranges  0x0000000000000318       0x78 Drivers/STM32F4xx_HAL_Driver/Src/stm32f4xx_hal_rcc.o
 .debug_ranges  0x0000000000000390       0x68 Drivers/STM32F4xx_HAL_Driver/Src/stm32f4xx_hal_rcc_ex.o
 .debug_ranges  0x00000000000003f8      0x3c0 Drivers/STM32F4xx_HAL_Driver/Src/stm32f4xx_hal_tim.o
 .debug_ranges  0x00000000000007b8      0x158 Drivers/STM32F4xx_HAL_Driver/Src/stm32f4xx_hal_tim_ex.o
 .debug_ranges  0x0000000000000910       0x30 ThirdParty/FreeRTOS/list.o
 .debug_ranges  0x0000000000000940      0x1e8 ThirdParty/FreeRTOS/tasks.o
 .debug_ranges  0x0000000000000b28       0x78 ThirdParty/FreeRTOS/portable/GCC/ARM_CM4F/port.o
 .debug_ranges  0x0000000000000ba0       0x48 ThirdParty/FreeRTOS/portable/MemMang/heap_4.o
 .debug_ranges  0x0000000000000be8       0x18 ThirdParty/SEGGER/Config/SEGGER_SYSVIEW_Config_FreeRTOS.o
 .debug_ranges  0x0000000000000c00       0x38 ThirdParty/SEGGER/OS/SEGGER_SYSVIEW_FreeRTOS.o
 .debug_ranges  0x0000000000000c38      0x128 ThirdParty/SEGGER/SEGGER/SEGGER_RTT.o
 .debug_ranges  0x0000000000000d60      0x270 ThirdParty/SEGGER/SEGGER/SEGGER_SYSVIEW.o

.debug_macro    0x0000000000000000    0x24042
 .debug_macro   0x0000000000000000      0x407 Core/Src/main.o
 .debug_macro   0x0000000000000407      0xaa8 Core/Src/main.o
 .debug_macro   0x0000000000000eaf      0x295 Core/Src/main.o
 .debug_macro   0x0000000000001144       0x2e Core/Src/main.o
 .debug_macro   0x0000000000001172       0x28 Core/Src/main.o
 .debug_macro   0x000000000000119a       0x22 Core/Src/main.o
 .debug_macro   0x00000000000011bc       0x8e Core/Src/main.o
 .debug_macro   0x000000000000124a       0x51 Core/Src/main.o
 .debug_macro   0x000000000000129b      0x103 Core/Src/main.o
 .debug_macro   0x000000000000139e       0x6a Core/Src/main.o
 .debug_macro   0x0000000000001408      0x1df Core/Src/main.o
 .debug_macro   0x00000000000015e7       0x1c Core/Src/main.o
 .debug_macro   0x0000000000001603       0x22 Core/Src/main.o
 .debug_macro   0x0000000000001625       0xdf Core/Src/main.o
 .debug_macro   0x0000000000001704     0x102d Core/Src/main.o
 .debug_macro   0x0000000000002731      0x11f Core/Src/main.o
 .debug_macro   0x0000000000002850    0x16749 Core/Src/main.o
 .debug_macro   0x0000000000018f99       0x6d Core/Src/main.o
 .debug_macro   0x0000000000019006     0x3666 Core/Src/main.o
 .debug_macro   0x000000000001c66c      0x174 Core/Src/main.o
 .debug_macro   0x000000000001c7e0       0x5c Core/Src/main.o
 .debug_macro   0x000000000001c83c      0xc90 Core/Src/main.o
 .debug_macro   0x000000000001d4cc      0x9fe Core/Src/main.o
 .debug_macro   0x000000000001deca      0x116 Core/Src/main.o
 .debug_macro   0x000000000001dfe0      0x1a0 Core/Src/main.o
 .debug_macro   0x000000000001e180       0xa5 Core/Src/main.o
 .debug_macro   0x000000000001e225      0x16d Core/Src/main.o
 .debug_macro   0x000000000001e392      0x287 Core/Src/main.o
 .debug_macro   0x000000000001e619       0x5f Core/Src/main.o
 .debug_macro   0x000000000001e678      0x236 Core/Src/main.o
 .debug_macro   0x000000000001e8ae      0x132 Core/Src/main.o
 .debug_macro   0x000000000001e9e0      0x29c Core/Src/main.o
 .debug_macro   0x000000000001ec7c       0x2e Core/Src/main.o
 .debug_macro   0x000000000001ecaa      0x11a Core/Src/main.o
 .debug_macro   0x000000000001edc4       0xe8 Core/Src/main.o
 .debug_macro   0x000000000001eeac       0x89 Core/Src/main.o
 .debug_macro   0x000000000001ef35      0x8d1 Core/Src/main.o
 .debug_macro   0x000000000001f806       0x4d Core/Src/main.o
 .debug_macro   0x000000000001f853      0x126 Core/Src/main.o
 .debug_macro   0x000000000001f979       0x58 Core/Src/main.o
 .debug_macro   0x000000000001f9d1       0x52 Core/Src/main.o
 .debug_macro   0x000000000001fa23       0x18 Core/Src/main.o
 .debug_macro   0x000000000001fa3b       0x3c Core/Src/main.o
 .debug_macro   0x000000000001fa77       0x34 Core/Src/main.o
 .debug_macro   0x000000000001faab       0x16 Core/Src/main.o
 .debug_macro   0x000000000001fac1       0x35 Core/Src/main.o
 .debug_macro   0x000000000001faf6      0x333 Core/Src/main.o
 .debug_macro   0x000000000001fe29       0x10 Core/Src/main.o
 .debug_macro   0x000000000001fe39       0x16 Core/Src/main.o
 .debug_macro   0x000000000001fe4f       0x43 Core/Src/main.o
 .debug_macro   0x000000000001fe92       0x34 Core/Src/main.o
 .debug_macro   0x000000000001fec6       0x10 Core/Src/main.o
 .debug_macro   0x000000000001fed6       0x58 Core/Src/main.o
 .debug_macro   0x000000000001ff2e       0x71 Core/Src/main.o
 .debug_macro   0x000000000001ff9f       0x1c Core/Src/main.o
 .debug_macro   0x000000000001ffbb      0x12a Core/Src/main.o
 .debug_macro   0x00000000000200e5       0x10 Core/Src/main.o
 .debug_macro   0x00000000000200f5       0x1c Core/Src/main.o
 .debug_macro   0x0000000000020111       0x52 Core/Src/main.o
 .debug_macro   0x0000000000020163       0x22 Core/Src/main.o
 .debug_macro   0x0000000000020185       0x10 Core/Src/main.o
 .debug_macro   0x0000000000020195       0x40 Core/Src/main.o
 .debug_macro   0x00000000000201d5       0xd5 Core/Src/main.o
 .debug_macro   0x00000000000202aa       0x1c Core/Src/main.o
 .debug_macro   0x00000000000202c6       0x3d Core/Src/main.o
 .debug_macro   0x0000000000020303       0x16 Core/Src/main.o
 .debug_macro   0x0000000000020319      0x145 Core/Src/main.o
 .debug_macro   0x000000000002045e      0x112 Core/Src/main.o
 .debug_macro   0x0000000000020570       0x4c Core/Src/main.o
 .debug_macro   0x00000000000205bc       0x46 Core/Src/main.o
 .debug_macro   0x0000000000020602       0x64 Core/Src/main.o
 .debug_macro   0x0000000000020666       0x49 Core/Src/main.o
 .debug_macro   0x00000000000206af       0xc3 Core/Src/main.o
 .debug_macro   0x0000000000020772      0x204 Core/Src/main.o
 .debug_macro   0x0000000000020976      0x450 Core/Src/main.o
 .debug_macro   0x0000000000020dc6      0x15a Core/Src/main.o
 .debug_macro   0x0000000000020f20       0xea Core/Src/main.o
 .debug_macro   0x000000000002100a       0x28 Core/Src/main.o
 .debug_macro   0x0000000000021032       0x1f Core/Src/main.o
 .debug_macro   0x0000000000021051       0x12 Core/Src/main.o
 .debug_macro   0x0000000000021063      0x3d7 Core/Src/main.o
 .debug_macro   0x000000000002143a       0xc3 Core/Src/main.o
 .debug_macro   0x00000000000214fd      0x120 Core/Src/main.o
 .debug_macro   0x000000000002161d      0x28a Core/Src/stm32f4xx_hal_msp.o
 .debug_macro   0x00000000000218a7       0x58 Core/Src/stm32f4xx_hal_msp.o
 .debug_macro   0x00000000000218ff      0x1c4 Core/Src/stm32f4xx_hal_timebase_tim.o
 .debug_macro   0x0000000000021ac3      0x1dd Core/Src/stm32f4xx_it.o
 .debug_macro   0x0000000000021ca0      0x1c4 Core/Src/system_stm32f4xx.o
 .debug_macro   0x0000000000021e64      0x224 Drivers/STM32F4xx_HAL_Driver/Src/stm32f4xx_hal.o
 .debug_macro   0x0000000000022088      0x1c4 Drivers/STM32F4xx_HAL_Driver/Src/stm32f4xx_hal_cortex.o
 .debug_macro   0x000000000002224c      0x1ca Drivers/STM32F4xx_HAL_Driver/Src/stm32f4xx_hal_gpio.o
 .debug_macro   0x0000000000022416      0x1e8 Drivers/STM32F4xx_HAL_Driver/Src/stm32f4xx_hal_rcc.o
 .debug_macro   0x00000000000225fe      0x1c4 Drivers/STM32F4xx_HAL_Driver/Src/stm32f4xx_hal_rcc_ex.o
 .debug_macro   0x00000000000227c2      0x1c5 Drivers/STM32F4xx_HAL_Driver/Src/stm32f4xx_hal_tim.o
 .debug_macro   0x0000000000022987      0x1c4 Drivers/STM32F4xx_HAL_Driver/Src/stm32f4xx_hal_tim_ex.o
 .debug_macro   0x0000000000022b4b      0x1fa ThirdParty/FreeRTOS/list.o
 .debug_macro   0x0000000000022d45      0x2e7 ThirdParty/FreeRTOS/tasks.o
 .debug_macro   0x000000000002302c       0x10 ThirdParty/FreeRTOS/tasks.o
 .debug_macro   0x000000000002303c      0x1fd ThirdParty/FreeRTOS/portable/GCC/ARM_CM4F/port.o
 .debug_macro   0x0000000000023239      0x215 ThirdParty/FreeRTOS/portable/MemMang/heap_4.o
 .debug_macro   0x000000000002344e      0x13d ThirdParty/SEGGER/Config/SEGGER_SYSVIEW_Config_FreeRTOS.o
 .debug_macro   0x000000000002358b      0x209 ThirdParty/SEGGER/OS/SEGGER_SYSVIEW_FreeRTOS.o
 .debug_macro   0x0000000000023794      0x1bd ThirdParty/SEGGER/SEGGER/SEGGER_RTT.o
 .debug_macro   0x0000000000023951       0x34 ThirdParty/SEGGER/SEGGER/SEGGER_RTT.o
 .debug_macro   0x0000000000023985      0x138 ThirdParty/SEGGER/SEGGER/SEGGER_RTT.o
 .debug_macro   0x0000000000023abd      0x213 ThirdParty/SEGGER/SEGGER/SEGGER_SYSVIEW.o
 .debug_macro   0x0000000000023cd0      0x204 ThirdParty/SEGGER/SEGGER/SEGGER_SYSVIEW.o
 .debug_macro   0x0000000000023ed4      0x16e ThirdParty/SEGGER/SEGGER/SEGGER_SYSVIEW.o

.debug_line     0x0000000000000000    0x1353e
 .debug_line    0x0000000000000000      0xc35 Core/Src/main.o
 .debug_line    0x0000000000000c35      0x8de Core/Src/stm32f4xx_hal_msp.o
 .debug_line    0x0000000000001513      0x70e Core/Src/stm32f4xx_hal_timebase_tim.o
 .debug_line    0x0000000000001c21      0x74b Core/Src/stm32f4xx_it.o
 .debug_line    0x000000000000236c      0x730 Core/Src/system_stm32f4xx.o
 .debug_line    0x0000000000002a9c       0x88 Core/Startup/startup_stm32f446retx.o
 .debug_line    0x0000000000002b24      0x996 Drivers/STM32F4xx_HAL_Driver/Src/stm32f4xx_hal.o
 .debug_line    0x00000000000034ba      0xc45 Drivers/STM32F4xx_HAL_Driver/Src/stm32f4xx_hal_cortex.o
 .debug_line    0x00000000000040ff      0xaf8 Drivers/STM32F4xx_HAL_Driver/Src/stm32f4xx_hal_gpio.o
 .debug_line    0x0000000000004bf7      0xd1e Drivers/STM32F4xx_HAL_Driver/Src/stm32f4xx_hal_rcc.o
 .debug_line    0x0000000000005915     0x13a4 Drivers/STM32F4xx_HAL_Driver/Src/stm32f4xx_hal_rcc_ex.o
 .debug_line    0x0000000000006cb9     0x368a Drivers/STM32F4xx_HAL_Driver/Src/stm32f4xx_hal_tim.o
 .debug_line    0x000000000000a343     0x1993 Drivers/STM32F4xx_HAL_Driver/Src/stm32f4xx_hal_tim_ex.o
 .debug_line    0x000000000000bcd6      0x82e ThirdParty/FreeRTOS/list.o
 .debug_line    0x000000000000c504     0x1e82 ThirdParty/FreeRTOS/tasks.o
 .debug_line    0x000000000000e386      0x9ac ThirdParty/FreeRTOS/portable/GCC/ARM_CM4F/port.o
 .debug_line    0x000000000000ed32      0xa79 ThirdParty/FreeRTOS/portable/MemMang/heap_4.o
 .debug_line    0x000000000000f7ab      0x608 ThirdParty/SEGGER/Config/SEGGER_SYSVIEW_Config_FreeRTOS.o
 .debug_line    0x000000000000fdb3      0x918 ThirdParty/SEGGER/OS/SEGGER_SYSVIEW_FreeRTOS.o
 .debug_line    0x00000000000106cb      0xe73 ThirdParty/SEGGER/SEGGER/SEGGER_RTT.o
 .debug_line    0x000000000001153e       0xa0 ThirdParty/SEGGER/SEGGER/SEGGER_RTT_ASM_ARMv7M.o
 .debug_line    0x00000000000115de     0x1f60 ThirdParty/SEGGER/SEGGER/SEGGER_SYSVIEW.o

.debug_str      0x0000000000000000    0xdbf8f
 .debug_str     0x0000000000000000    0xd4740 Core/Src/main.o
                                      0xd4b60 (size before relaxing)
 .debug_str     0x00000000000d4740       0x2c Core/Src/stm32f4xx_hal_msp.o
                                      0xce59c (size before relaxing)
 .debug_str     0x00000000000d476c      0x5ac Core/Src/stm32f4xx_hal_timebase_tim.o
                                      0xc7e55 (size before relaxing)
 .debug_str     0x00000000000d4d18       0xa6 Core/Src/stm32f4xx_it.o
                                      0xc78b4 (size before relaxing)
 .debug_str     0x00000000000d4dbe       0xaf Core/Src/system_stm32f4xx.o
                                      0xc7387 (size before relaxing)
 .debug_str     0x00000000000d4e6d       0x36 Core/Startup/startup_stm32f446retx.o
                                         0x56 (size before relaxing)
 .debug_str     0x00000000000d4ea3      0x542 Drivers/STM32F4xx_HAL_Driver/Src/stm32f4xx_hal.o
                                      0xc7eaa (size before relaxing)
 .debug_str     0x00000000000d53e5      0x392 Drivers/STM32F4xx_HAL_Driver/Src/stm32f4xx_hal_cortex.o
                                      0xc7c74 (size before relaxing)
 .debug_str     0x00000000000d5777      0x15f Drivers/STM32F4xx_HAL_Driver/Src/stm32f4xx_hal_gpio.o
                                      0xc752e (size before relaxing)
 .debug_str     0x00000000000d58d6      0x24f Drivers/STM32F4xx_HAL_Driver/Src/stm32f4xx_hal_rcc.o
                                      0xc778e (size before relaxing)
 .debug_str     0x00000000000d5b25      0x324 Drivers/STM32F4xx_HAL_Driver/Src/stm32f4xx_hal_rcc_ex.o
                                      0xc77eb (size before relaxing)
 .debug_str     0x00000000000d5e49      0xe4d Drivers/STM32F4xx_HAL_Driver/Src/stm32f4xx_hal_tim.o
                                      0xc8691 (size before relaxing)
 .debug_str     0x00000000000d6c96      0x538 Drivers/STM32F4xx_HAL_Driver/Src/stm32f4xx_hal_tim_ex.o
                                      0xc7e42 (size before relaxing)
 .debug_str     0x00000000000d71ce      0x28e ThirdParty/FreeRTOS/list.o
                                       0xf06a (size before relaxing)
 .debug_str     0x00000000000d745c     0x1dea ThirdParty/FreeRTOS/tasks.o
                                      0x12123 (size before relaxing)
 .debug_str     0x00000000000d9246      0x7fb ThirdParty/FreeRTOS/portable/GCC/ARM_CM4F/port.o
                                       0xd73c (size before relaxing)
 .debug_str     0x00000000000d9a41      0x319 ThirdParty/FreeRTOS/portable/MemMang/heap_4.o
                                      0x104e4 (size before relaxing)
 .debug_str     0x00000000000d9d5a      0x166 ThirdParty/SEGGER/Config/SEGGER_SYSVIEW_Config_FreeRTOS.o
                                       0xb292 (size before relaxing)
 .debug_str     0x00000000000d9ec0       0xf5 ThirdParty/SEGGER/OS/SEGGER_SYSVIEW_FreeRTOS.o
                                      0x10243 (size before relaxing)
 .debug_str     0x00000000000d9fb5     0x104d ThirdParty/SEGGER/SEGGER/SEGGER_RTT.o
                                       0x7c33 (size before relaxing)
 .debug_str     0x00000000000db002       0x34 ThirdParty/SEGGER/SEGGER/SEGGER_RTT_ASM_ARMv7M.o
                                         0x62 (size before relaxing)
 .debug_str     0x00000000000db036      0xf59 ThirdParty/SEGGER/SEGGER/SEGGER_SYSVIEW.o
                                       0x9be8 (size before relaxing)

.comment        0x0000000000000000       0x53